Archive member included to satisfy reference by file (symbol)

c:/st/stm32cubeide_1.12.1/stm32cubeide/plugins/com.st.stm32cube.ide.mcu.externaltools.gnu-tools-for-stm32.10.3-2021.10.win32_1.0.200.202301161003/tools/bin/../lib/gcc/arm-none-eabi/10.3.1/../../../../arm-none-eabi/lib/thumb/v7e-m+dp/hard\libc_nano.a(lib_a-errno.o)
                              ./Core/Src/syscalls.o (__errno)
c:/st/stm32cubeide_1.12.1/stm32cubeide/plugins/com.st.stm32cube.ide.mcu.externaltools.gnu-tools-for-stm32.10.3-2021.10.win32_1.0.200.202301161003/tools/bin/../lib/gcc/arm-none-eabi/10.3.1/../../../../arm-none-eabi/lib/thumb/v7e-m+dp/hard\libc_nano.a(lib_a-exit.o)
                              c:/st/stm32cubeide_1.12.1/stm32cubeide/plugins/com.st.stm32cube.ide.mcu.externaltools.gnu-tools-for-stm32.10.3-2021.10.win32_1.0.200.202301161003/tools/bin/../lib/gcc/arm-none-eabi/10.3.1/../../../../arm-none-eabi/lib/thumb/v7e-m+dp/hard/crt0.o (exit)
c:/st/stm32cubeide_1.12.1/stm32cubeide/plugins/com.st.stm32cube.ide.mcu.externaltools.gnu-tools-for-stm32.10.3-2021.10.win32_1.0.200.202301161003/tools/bin/../lib/gcc/arm-none-eabi/10.3.1/../../../../arm-none-eabi/lib/thumb/v7e-m+dp/hard\libc_nano.a(lib_a-impure.o)
                              c:/st/stm32cubeide_1.12.1/stm32cubeide/plugins/com.st.stm32cube.ide.mcu.externaltools.gnu-tools-for-stm32.10.3-2021.10.win32_1.0.200.202301161003/tools/bin/../lib/gcc/arm-none-eabi/10.3.1/../../../../arm-none-eabi/lib/thumb/v7e-m+dp/hard\libc_nano.a(lib_a-exit.o) (_global_impure_ptr)
c:/st/stm32cubeide_1.12.1/stm32cubeide/plugins/com.st.stm32cube.ide.mcu.externaltools.gnu-tools-for-stm32.10.3-2021.10.win32_1.0.200.202301161003/tools/bin/../lib/gcc/arm-none-eabi/10.3.1/../../../../arm-none-eabi/lib/thumb/v7e-m+dp/hard\libc_nano.a(lib_a-init.o)
                              c:/st/stm32cubeide_1.12.1/stm32cubeide/plugins/com.st.stm32cube.ide.mcu.externaltools.gnu-tools-for-stm32.10.3-2021.10.win32_1.0.200.202301161003/tools/bin/../lib/gcc/arm-none-eabi/10.3.1/../../../../arm-none-eabi/lib/thumb/v7e-m+dp/hard/crt0.o (__libc_init_array)
c:/st/stm32cubeide_1.12.1/stm32cubeide/plugins/com.st.stm32cube.ide.mcu.externaltools.gnu-tools-for-stm32.10.3-2021.10.win32_1.0.200.202301161003/tools/bin/../lib/gcc/arm-none-eabi/10.3.1/../../../../arm-none-eabi/lib/thumb/v7e-m+dp/hard\libc_nano.a(lib_a-malloc.o)
                              ./Middlewares/Third_Party/FatFs/syscall.o (malloc)
c:/st/stm32cubeide_1.12.1/stm32cubeide/plugins/com.st.stm32cube.ide.mcu.externaltools.gnu-tools-for-stm32.10.3-2021.10.win32_1.0.200.202301161003/tools/bin/../lib/gcc/arm-none-eabi/10.3.1/../../../../arm-none-eabi/lib/thumb/v7e-m+dp/hard\libc_nano.a(lib_a-memset.o)
                              c:/st/stm32cubeide_1.12.1/stm32cubeide/plugins/com.st.stm32cube.ide.mcu.externaltools.gnu-tools-for-stm32.10.3-2021.10.win32_1.0.200.202301161003/tools/bin/../lib/gcc/arm-none-eabi/10.3.1/../../../../arm-none-eabi/lib/thumb/v7e-m+dp/hard/crt0.o (memset)
c:/st/stm32cubeide_1.12.1/stm32cubeide/plugins/com.st.stm32cube.ide.mcu.externaltools.gnu-tools-for-stm32.10.3-2021.10.win32_1.0.200.202301161003/tools/bin/../lib/gcc/arm-none-eabi/10.3.1/../../../../arm-none-eabi/lib/thumb/v7e-m+dp/hard\libc_nano.a(lib_a-nano-freer.o)
                              c:/st/stm32cubeide_1.12.1/stm32cubeide/plugins/com.st.stm32cube.ide.mcu.externaltools.gnu-tools-for-stm32.10.3-2021.10.win32_1.0.200.202301161003/tools/bin/../lib/gcc/arm-none-eabi/10.3.1/../../../../arm-none-eabi/lib/thumb/v7e-m+dp/hard\libc_nano.a(lib_a-malloc.o) (_free_r)
c:/st/stm32cubeide_1.12.1/stm32cubeide/plugins/com.st.stm32cube.ide.mcu.externaltools.gnu-tools-for-stm32.10.3-2021.10.win32_1.0.200.202301161003/tools/bin/../lib/gcc/arm-none-eabi/10.3.1/../../../../arm-none-eabi/lib/thumb/v7e-m+dp/hard\libc_nano.a(lib_a-nano-mallocr.o)
                              c:/st/stm32cubeide_1.12.1/stm32cubeide/plugins/com.st.stm32cube.ide.mcu.externaltools.gnu-tools-for-stm32.10.3-2021.10.win32_1.0.200.202301161003/tools/bin/../lib/gcc/arm-none-eabi/10.3.1/../../../../arm-none-eabi/lib/thumb/v7e-m+dp/hard\libc_nano.a(lib_a-malloc.o) (_malloc_r)
c:/st/stm32cubeide_1.12.1/stm32cubeide/plugins/com.st.stm32cube.ide.mcu.externaltools.gnu-tools-for-stm32.10.3-2021.10.win32_1.0.200.202301161003/tools/bin/../lib/gcc/arm-none-eabi/10.3.1/../../../../arm-none-eabi/lib/thumb/v7e-m+dp/hard\libc_nano.a(lib_a-sbrkr.o)
                              c:/st/stm32cubeide_1.12.1/stm32cubeide/plugins/com.st.stm32cube.ide.mcu.externaltools.gnu-tools-for-stm32.10.3-2021.10.win32_1.0.200.202301161003/tools/bin/../lib/gcc/arm-none-eabi/10.3.1/../../../../arm-none-eabi/lib/thumb/v7e-m+dp/hard\libc_nano.a(lib_a-nano-mallocr.o) (_sbrk_r)
c:/st/stm32cubeide_1.12.1/stm32cubeide/plugins/com.st.stm32cube.ide.mcu.externaltools.gnu-tools-for-stm32.10.3-2021.10.win32_1.0.200.202301161003/tools/bin/../lib/gcc/arm-none-eabi/10.3.1/../../../../arm-none-eabi/lib/thumb/v7e-m+dp/hard\libc_nano.a(lib_a-mlock.o)
[...]
Memory Configuration

Name             Origin             Length             Attributes
RAM_D1           0x0000000024000000 0x0000000000080000 xrw
FLASH            0x0000000008000000 0x0000000000100000 xr
DTCMRAM          0x0000000020000000 0x0000000000020000 xrw
RAM_D2           0x0000000030000000 0x0000000000048000 xrw
RAM_D3           0x0000000038000000 0x0000000000010000 xrw
ITCMRAM          0x0000000000000000 0x0000000000010000 xrw
*default*        0x0000000000000000 0xffffffffffffffff

Linker script and memory map

LOAD c:/st/stm32cubeide_1.12.1/stm32cubeide/plugins/com.st.stm32cube.ide.mcu.externaltools.gnu-tools-for-stm32.10.3-2021.10.win32_1.0.200.202301161003/tools/bin/../lib/gcc/arm-none-eabi/10.3.1/thumb/v7e-m+dp/hard/crti.o
LOAD c:/st/stm32cubeide_1.12.1/stm32cubeide/plugins/com.st.stm32cube.ide.mcu.externaltools.gnu-tools-for-stm32.10.3-2021.10.win32_1.0.200.202301161003/tools/bin/../lib/gcc/arm-none-eabi/10.3.1/thumb/v7e-m+dp/hard/crtbegin.o
LOAD c:/st/stm32cubeide_1.12.1/stm32cubeide/plugins/com.st.stm32cube.ide.mcu.externaltools.gnu-tools-for-stm32.10.3-2021.10.win32_1.0.200.202301161003/tools/bin/../lib/gcc/arm-none-eabi/10.3.1/../../../../arm-none-eabi/lib/thumb/v7e-m+dp/hard/crt0.o
LOAD ./Common/Src/system_stm32h7xx_dualcore_boot_cm4_cm7.o
LOAD ./Core/Src/audio_sd.o
LOAD ./Core/Src/main.o
LOAD ./Core/Src/stm32h7xx_hal_msp.o
LOAD ./Core/Src/stm32h7xx_it.o
LOAD ./Core/Src/syscalls.o
LOAD ./Core/Src/sysmem.o
LOAD ./Core/Startup/startup_stm32h747xihx.o
LOAD ./Drivers/STM32H7xx_HAL_Driver/stm32h7xx_hal.o
LOAD ./Drivers/STM32H7xx_HAL_Driver/stm32h7xx_hal_cortex.o
LOAD ./Drivers/STM32H7xx_HAL_Driver/stm32h7xx_hal_dma.o
LOAD ./Drivers/STM32H7xx_HAL_Driver/stm32h7xx_hal_dma_ex.o
LOAD ./Drivers/STM32H7xx_HAL_Driver/stm32h7xx_hal_exti.o
LOAD ./Drivers/STM32H7xx_HAL_Driver/stm32h7xx_hal_flash.o
LOAD ./Drivers/STM32H7xx_HAL_Driver/stm32h7xx_hal_flash_ex.o
LOAD ./Drivers/STM32H7xx_HAL_Driver/stm32h7xx_hal_gpio.o
LOAD ./Drivers/STM32H7xx_HAL_Driver/stm32h7xx_hal_hsem.o
LOAD ./Drivers/STM32H7xx_HAL_Driver/stm32h7xx_hal_i2c.o
LOAD ./Drivers/STM32H7xx_HAL_Driver/stm32h7xx_hal_i2c_ex.o
LOAD ./Drivers/STM32H7xx_HAL_Driver/stm32h7xx_hal_i2s.o
LOAD ./Drivers/STM32H7xx_HAL_Driver/stm32h7xx_hal_i2s_ex.o
LOAD ./Drivers/STM32H7xx_HAL_Driver/stm32h7xx_hal_mdma.o
LOAD ./Drivers/STM32H7xx_HAL_Driver/stm32h7xx_hal_pwr.o
LOAD ./Drivers/STM32H7xx_HAL_Driver/stm32h7xx_hal_pwr_ex.o
LOAD ./Drivers/STM32H7xx_HAL_Driver/stm32h7xx_hal_rcc.o
LOAD ./Drivers/STM32H7xx_HAL_Driver/stm32h7xx_hal_rcc_ex.o
LOAD ./Drivers/STM32H7xx_HAL_Driver/stm32h7xx_hal_sd.o
LOAD ./Drivers/STM32H7xx_HAL_Driver/stm32h7xx_hal_sd_ex.o
LOAD ./Drivers/STM32H7xx_HAL_Driver/stm32h7xx_hal_tim.o
LOAD ./Drivers/STM32H7xx_HAL_Driver/stm32h7xx_hal_tim_ex.o
LOAD ./Drivers/STM32H7xx_HAL_Driver/stm32h7xx_hal_uart.o
LOAD ./Drivers/STM32H7xx_HAL_Driver/stm32h7xx_hal_uart_ex.o
LOAD ./Drivers/STM32H7xx_HAL_Driver/stm32h7xx_ll_delayblock.o
LOAD ./Drivers/STM32H7xx_HAL_Driver/stm32h7xx_ll_sdmmc.o
LOAD ./FATFS/App/fatfs.o
LOAD ./FATFS/Target/bsp_driver_sd.o
LOAD ./FATFS/Target/fatfs_platform.o
LOAD ./FATFS/Target/sd_diskio.o
LOAD ./Middlewares/Third_Party/FatFs/ccsbcs.o
LOAD ./Middlewares/Third_Party/FatFs/diskio.o
LOAD ./Middlewares/Third_Party/FatFs/ff.o
LOAD ./Middlewares/Third_Party/FatFs/ff_gen_drv.o
LOAD ./Middlewares/Third_Party/FatFs/syscall.o
START GROUP
LOAD c:/st/stm32cubeide_1.12.1/stm32cubeide/plugins/com.st.stm32cube.ide.mcu.externaltools.gnu-tools-for-stm32.10.3-2021.10.win32_1.0.200.202301161003/tools/bin/../lib/gcc/arm-none-eabi/10.3.1/../../../../arm-none-eabi/lib/thumb/v7e-m+dp/hard\libc_nano.a
LOAD c:/st/stm32cubeide_1.12.1/stm32cubeide/plugins/com.st.stm32cube.ide.mcu.externaltools.gnu-tools-for-stm32.10.3-2021.10.win32_1.0.200.202301161003/tools/bin/../lib/gcc/arm-none-eabi/10.3.1/../../../../arm-none-eabi/lib/thumb/v7e-m+dp/hard\libm.a
END GROUP
START GROUP
LOAD c:/st/stm32cubeide_1.12.1/stm32cubeide/plugins/com.st.stm32cube.ide.mcu.externaltools.gnu-tools-for-stm32.10.3-2021.10.win32_1.0.200.202301161003/tools/bin/../lib/gcc/arm-none-eabi/10.3.1/thumb/v7e-m+dp/hard\libgcc.a
LOAD c:/st/stm32cubeide_1.12.1/stm32cubeide/plugins/com.st.stm32cube.ide.mcu.externaltools.gnu-tools-for-stm32.10.3-2021.10.win32_1.0.200.202301161003/tools/bin/../lib/gcc/arm-none-eabi/10.3.1/../../../../arm-none-eabi/lib/thumb/v7e-m+dp/hard\libc_nano.a
END GROUP
START GROUP
LOAD c:/st/stm32cubeide_1.12.1/stm32cubeide/plugins/com.st.stm32cube.ide.mcu.externaltools.gnu-tools-for-stm32.10.3-2021.10.win32_1.0.200.202301161003/tools/bin/../lib/gcc/arm-none-eabi/10.3.1/thumb/v7e-m+dp/hard\libgcc.a
LOAD c:/st/stm32cubeide_1.12.1/stm32cubeide/plugins/com.st.stm32cube.ide.mcu.externaltools.gnu-tools-for-stm32.10.3-2021.10.win32_1.0.200.202301161003/tools/bin/../lib/gcc/arm-none-eabi/10.3.1/../../../../arm-none-eabi/lib/thumb/v7e-m+dp/hard\libc_nano.a
LOAD c:/st/stm32cubeide_1.12.1/stm32cubeide/plugins/com.st.stm32cube.ide.mcu.externaltools.gnu-tools-for-stm32.10.3-2021.10.win32_1.0.200.202301161003/tools/bin/../lib/gcc/arm-none-eabi/10.3.1/../../../../arm-none-eabi/lib/thumb/v7e-m+dp/hard\libnosys.a
END GROUP
START GROUP
LOAD c:/st/stm32cubeide_1.12.1/stm32cubeide/plugins/com.st.stm32cube.ide.mcu.externaltools.gnu-tools-for-stm32.10.3-2021.10.win32_1.0.200.202301161003/tools/bin/../lib/gcc/arm-none-eabi/10.3.1/thumb/v7e-m+dp/hard\libgcc.a
LOAD c:/st/stm32cubeide_1.12.1/stm32cubeide/plugins/com.st.stm32cube.ide.mcu.externaltools.gnu-tools-for-stm32.10.3-2021.10.win32_1.0.200.202301161003/tools/bin/../lib/gcc/arm-none-eabi/10.3.1/../../../../arm-none-eabi/lib/thumb/v7e-m+dp/hard\libc_nano.a
LOAD c:/st/stm32cubeide_1.12.1/stm32cubeide/plugins/com.st.stm32cube.ide.mcu.externaltools.gnu-tools-for-stm32.10.3-2021.10.win32_1.0.200.202301161003/tools/bin/../lib/gcc/arm-none-eabi/10.3.1/../../../../arm-none-eabi/lib/thumb/v7e-m+dp/hard\libnosys.a
END GROUP
LOAD c:/st/stm32cubeide_1.12.1/stm32cubeide/plugins/com.st.stm32cube.ide.mcu.externaltools.gnu-tools-for-stm32.10.3-2021.10.win32_1.0.200.202301161003/tools/bin/../lib/gcc/arm-none-eabi/10.3.1/thumb/v7e-m+dp/hard/crtend.o
LOAD c:/st/stm32cubeide_1.12.1/stm32cubeide/plugins/com.st.stm32cube.ide.mcu.externaltools.gnu-tools-for-stm32.10.3-2021.10.win32_1.0.200.202301161003/tools/bin/../lib/gcc/arm-none-eabi/10.3.1/thumb/v7e-m+dp/hard/crtn.o
                0x0000000024080000                _estack = (ORIGIN (RAM_D1) + LENGTH (RAM_D1))
                0x0000000000000200                _Min_Heap_Size = 0x200
                0x0000000000000400                _Min_Stack_Size = 0x400

.isr_vector     0x0000000008000000      0x298
                0x0000000008000000                . = ALIGN (0x4)
 *(.isr_vector)
 .isr_vector    0x0000000008000000      0x298 ./Core/Startup/startup_stm32h747xihx.o
                0x0000000008000000                g_pfnVectors
                0x0000000008000298                . = ALIGN (0x4)

.text           0x0000000008000298     0xf678
                0x0000000008000298                . = ALIGN (0x4)
 *(.text)
 .text          0x0000000008000298       0x40 c:/st/stm32cubeide_1.12.1/stm32cubeide/plugins/com.st.stm32cube.ide.mcu.externaltools.gnu-tools-for-stm32.10.3-2021.10.win32_1.0.200.202301161003/tools/bin/../lib/gcc/arm-none-eabi/10.3.1/thumb/v7e-m+dp/hard/crtbegin.o
 .text          0x00000000080002d8       0x30 c:/st/stm32cubeide_1.12.1/stm32cubeide/plugins/com.st.stm32cube.ide.mcu.externaltools.gnu-tools-for-stm32.10.3-2021.10.win32_1.0.200.202301161003/tools/bin/../lib/gcc/arm-none-eabi/10.3.1/thumb/v7e-m+dp/hard\libgcc.a(_aeabi_uldivmod.o)
                0x00000000080002d8                __aeabi_uldivmod
 .text          0x0000000008000308      0x2d0 c:/st/stm32cubeide_1.12.1/stm32cubeide/plugins/com.st.stm32cube.ide.mcu.externaltools.gnu-tools-for-stm32.10.3-2021.10.win32_1.0.200.202301161003/tools/bin/../lib/gcc/arm-none-eabi/10.3.1/thumb/v7e-m+dp/hard\libgcc.a(_udivmoddi4.o)
                0x0000000008000308                __udivmoddi4
 .text          0x00000000080005d8        0x4 c:/st/stm32cubeide_1.12.1/stm32cubeide/plugins/com.st.stm32cube.ide.mcu.externaltools.gnu-tools-for-stm32.10.3-2021.10.win32_1.0.200.202301161003/tools/bin/../lib/gcc/arm-none-eabi/10.3.1/thumb/v7e-m+dp/hard\libgcc.a(_dvmd_tls.o)
                0x00000000080005d8                __aeabi_idiv0
                0x00000000080005d8                __aeabi_ldiv0
 *(.text*)
 .text.SystemInit
                0x00000000080005dc      0x12c ./Common/Src/system_stm32h7xx_dualcore_boot_cm4_cm7.o
                0x00000000080005dc                SystemInit
 .text.sd_card_init
                0x0000000008000708       0x30 ./Core/Src/audio_sd.o
                0x0000000008000708                sd_card_init
 .text.start_recording
                0x0000000008000738       0x98 ./Core/Src/audio_sd.o
                0x0000000008000738                start_recording
 .text.write2wave_file
                0x00000000080007d0       0x84 ./Core/Src/audio_sd.o
                0x00000000080007d0                write2wave_file
 .text.stop_recording
                0x0000000008000854       0xc4 ./Core/Src/audio_sd.o
                0x0000000008000854                stop_recording
 .text.play_record
                0x0000000008000918       0x90 ./Core/Src/audio_sd.o
                0x0000000008000918                play_record
 .text.main     0x00000000080009a8      0x424 ./Core/Src/main.o
                0x00000000080009a8                main
 .text.SystemClock_Config
                0x0000000008000dcc      0x10c ./Core/Src/main.o
                0x0000000008000dcc                SystemClock_Config
 .text.MX_I2S1_Init
                0x0000000008000ed8       0x68 ./Core/Src/main.o
 .text.MX_SDMMC1_SD_Init
                0x0000000008000f40       0x48 ./Core/Src/main.o
 .text.MX_USART1_UART_Init
                0x0000000008000f88       0x98 ./Core/Src/main.o
 .text.MX_DMA_Init
                0x0000000008001020       0x60 ./Core/Src/main.o
 .text.MX_GPIO_Init
                0x0000000008001080      0x18c ./Core/Src/main.o
 .text.I2S1_ReInit
                0x000000000800120c       0x78 ./Core/Src/main.o
 .text.HAL_I2S_RxCpltCallback
                0x0000000008001284       0x20 ./Core/Src/main.o
                0x0000000008001284                HAL_I2S_RxCpltCallback
 .text.HAL_I2S_RxHalfCpltCallback
                0x00000000080012a4       0x20 ./Core/Src/main.o
                0x00000000080012a4                HAL_I2S_RxHalfCpltCallback
 .text.HAL_I2S_TxCpltCallback
                0x00000000080012c4       0x20 ./Core/Src/main.o
                0x00000000080012c4                HAL_I2S_TxCpltCallback
 .text.HAL_I2S_TxHalfCpltCallback
                0x00000000080012e4       0x20 ./Core/Src/main.o
                0x00000000080012e4                HAL_I2S_TxHalfCpltCallback
 .text.Error_Handler
                0x0000000008001304        0xa ./Core/Src/main.o
                0x0000000008001304                Error_Handler
 *fill*         0x000000000800130e        0x2 
 .text.HAL_MspInit
                0x0000000008001310       0x34 ./Core/Src/stm32h7xx_hal_msp.o
                0x0000000008001310                HAL_MspInit
 .text.HAL_I2S_MspInit
                0x0000000008001344      0x244 ./Core/Src/stm32h7xx_hal_msp.o
                0x0000000008001344                HAL_I2S_MspInit
 .text.HAL_SD_MspInit
                0x0000000008001588      0x140 ./Core/Src/stm32h7xx_hal_msp.o
                0x0000000008001588                HAL_SD_MspInit
 .text.HAL_UART_MspInit
                0x00000000080016c8       0xd4 ./Core/Src/stm32h7xx_hal_msp.o
                0x00000000080016c8                HAL_UART_MspInit
 .text.NMI_Handler
                0x000000000800179c        0x6 ./Core/Src/stm32h7xx_it.o
                0x000000000800179c                NMI_Handler
 .text.HardFault_Handler
                0x00000000080017a2        0x6 ./Core/Src/stm32h7xx_it.o
                0x00000000080017a2                HardFault_Handler
 .text.MemManage_Handler
                0x00000000080017a8        0x6 ./Core/Src/stm32h7xx_it.o
                0x00000000080017a8                MemManage_Handler
 .text.BusFault_Handler
                0x00000000080017ae        0x6 ./Core/Src/stm32h7xx_it.o
                0x00000000080017ae                BusFault_Handler
 .text.UsageFault_Handler
                0x00000000080017b4        0x6 ./Core/Src/stm32h7xx_it.o
                0x00000000080017b4                UsageFault_Handler
 .text.SVC_Handler
                0x00000000080017ba        0xe ./Core/Src/stm32h7xx_it.o
                0x00000000080017ba                SVC_Handler
 .text.DebugMon_Handler
                0x00000000080017c8        0xe ./Core/Src/stm32h7xx_it.o
                0x00000000080017c8                DebugMon_Handler
 .text.PendSV_Handler
                0x00000000080017d6        0xe ./Core/Src/stm32h7xx_it.o
                0x00000000080017d6                PendSV_Handler
 .text.SysTick_Handler
                0x00000000080017e4        0xc ./Core/Src/stm32h7xx_it.o
                0x00000000080017e4                SysTick_Handler
 .text.DMA1_Stream0_IRQHandler
                0x00000000080017f0       0x34 ./Core/Src/stm32h7xx_it.o
                0x00000000080017f0                DMA1_Stream0_IRQHandler
 .text._sbrk    0x0000000008001824       0x6c ./Core/Src/sysmem.o
                0x0000000008001824                _sbrk
 .text.Reset_Handler
                0x0000000008001890       0x50 ./Core/Startup/startup_stm32h747xihx.o
                0x0000000008001890                Reset_Handler
 .text.Default_Handler
                0x00000000080018e0        0x2 ./Core/Startup/startup_stm32h747xihx.o
                0x00000000080018e0                RTC_Alarm_IRQHandler
                0x00000000080018e0                EXTI2_IRQHandler
                0x00000000080018e0                TIM8_CC_IRQHandler
                0x00000000080018e0                HRTIM1_Master_IRQHandler
                0x00000000080018e0                UART8_IRQHandler
                0x00000000080018e0                SPI4_IRQHandler
                0x00000000080018e0                TIM1_CC_IRQHandler
                0x00000000080018e0                BDMA_Channel6_IRQHandler
                0x00000000080018e0                DMA2_Stream5_IRQHandler
                0x00000000080018e0                HRTIM1_FLT_IRQHandler
                0x00000000080018e0                JPEG_IRQHandler
                0x00000000080018e0                DMA1_Stream5_IRQHandler
                0x00000000080018e0                BDMA_Channel1_IRQHandler
                0x00000000080018e0                HRTIM1_TIMD_IRQHandler
                0x00000000080018e0                TAMP_STAMP_IRQHandler
                0x00000000080018e0                EXTI3_IRQHandler
                0x00000000080018e0                LPTIM4_IRQHandler
                0x00000000080018e0                TIM8_TRG_COM_TIM14_IRQHandler
                0x00000000080018e0                LPTIM2_IRQHandler
                0x00000000080018e0                DFSDM1_FLT1_IRQHandler
                0x00000000080018e0                DMAMUX2_OVR_IRQHandler
                0x00000000080018e0                TIM8_UP_TIM13_IRQHandler
                0x00000000080018e0                I2C3_ER_IRQHandler
                0x00000000080018e0                DFSDM1_FLT2_IRQHandler
                0x00000000080018e0                MDMA_IRQHandler
                0x00000000080018e0                LPTIM3_IRQHandler
                0x00000000080018e0                HSEM1_IRQHandler
                0x00000000080018e0                EXTI0_IRQHandler
                0x00000000080018e0                I2C2_EV_IRQHandler
                0x00000000080018e0                DMA1_Stream2_IRQHandler
                0x00000000080018e0                FPU_IRQHandler
                0x00000000080018e0                OTG_HS_WKUP_IRQHandler
                0x00000000080018e0                FDCAN1_IT1_IRQHandler
                0x00000000080018e0                LTDC_ER_IRQHandler
                0x00000000080018e0                DMA2_Stream2_IRQHandler
                0x00000000080018e0                HRTIM1_TIME_IRQHandler
                0x00000000080018e0                SPI1_IRQHandler
                0x00000000080018e0                TIM6_DAC_IRQHandler
                0x00000000080018e0                DCMI_IRQHandler
                0x00000000080018e0                HRTIM1_TIMC_IRQHandler
                0x00000000080018e0                DMA2_Stream3_IRQHandler
                0x00000000080018e0                SAI2_IRQHandler
                0x00000000080018e0                DFSDM1_FLT3_IRQHandler
                0x00000000080018e0                USART6_IRQHandler
                0x00000000080018e0                TIM17_IRQHandler
                0x00000000080018e0                USART3_IRQHandler
                0x00000000080018e0                BDMA_Channel7_IRQHandler
                0x00000000080018e0                LPTIM5_IRQHandler
                0x00000000080018e0                UART5_IRQHandler
                0x00000000080018e0                ADC3_IRQHandler
                0x00000000080018e0                DMA2_Stream0_IRQHandler
                0x00000000080018e0                TIM4_IRQHandler
                0x00000000080018e0                BDMA_Channel2_IRQHandler
                0x00000000080018e0                QUADSPI_IRQHandler
                0x00000000080018e0                I2C1_EV_IRQHandler
                0x00000000080018e0                DMA1_Stream6_IRQHandler
                0x00000000080018e0                DMAMUX1_OVR_IRQHandler
                0x00000000080018e0                DMA1_Stream1_IRQHandler
                0x00000000080018e0                TIM16_IRQHandler
                0x00000000080018e0                UART4_IRQHandler
                0x00000000080018e0                BDMA_Channel5_IRQHandler
                0x00000000080018e0                TIM3_IRQHandler
                0x00000000080018e0                RCC_IRQHandler
                0x00000000080018e0                TIM8_BRK_TIM12_IRQHandler
                0x00000000080018e0                TIM1_TRG_COM_IRQHandler
                0x00000000080018e0                Default_Handler
                0x00000000080018e0                ECC_IRQHandler
                0x00000000080018e0                CEC_IRQHandler
                0x00000000080018e0                EXTI15_10_IRQHandler
                0x00000000080018e0                BDMA_Channel0_IRQHandler
                0x00000000080018e0                ADC_IRQHandler
                0x00000000080018e0                DMA1_Stream7_IRQHandler
                0x00000000080018e0                HRTIM1_TIMA_IRQHandler
                0x00000000080018e0                SPI5_IRQHandler
                0x00000000080018e0                TIM7_IRQHandler
                0x00000000080018e0                SDMMC1_IRQHandler
                0x00000000080018e0                TIM5_IRQHandler
                0x00000000080018e0                DMA2_Stream7_IRQHandler
                0x00000000080018e0                TIM15_IRQHandler
                0x00000000080018e0                PVD_AVD_IRQHandler
                0x00000000080018e0                I2C3_EV_IRQHandler
                0x00000000080018e0                EXTI9_5_IRQHandler
                0x00000000080018e0                RTC_WKUP_IRQHandler
                0x00000000080018e0                LTDC_IRQHandler
                0x00000000080018e0                SAI3_IRQHandler
                0x00000000080018e0                ETH_WKUP_IRQHandler
                0x00000000080018e0                SPDIF_RX_IRQHandler
                0x00000000080018e0                SPI2_IRQHandler
                0x00000000080018e0                OTG_HS_EP1_IN_IRQHandler
                0x00000000080018e0                CRS_IRQHandler
                0x00000000080018e0                CM7_SEV_IRQHandler
                0x00000000080018e0                EXTI4_IRQHandler
                0x00000000080018e0                RNG_IRQHandler
                0x00000000080018e0                CM4_SEV_IRQHandler
                0x00000000080018e0                HRTIM1_TIMB_IRQHandler
                0x00000000080018e0                FDCAN2_IT1_IRQHandler
                0x00000000080018e0                DSI_IRQHandler
                0x00000000080018e0                ETH_IRQHandler
                0x00000000080018e0                TIM1_UP_IRQHandler
                0x00000000080018e0                WWDG_RST_IRQHandler
                0x00000000080018e0                BDMA_Channel4_IRQHandler
                0x00000000080018e0                OTG_HS_EP1_OUT_IRQHandler
                0x00000000080018e0                WWDG_IRQHandler
                0x00000000080018e0                SPI6_IRQHandler
                0x00000000080018e0                MDIOS_IRQHandler
                0x00000000080018e0                I2C4_EV_IRQHandler
                0x00000000080018e0                FDCAN2_IT0_IRQHandler
                0x00000000080018e0                LPUART1_IRQHandler
                0x00000000080018e0                FDCAN1_IT0_IRQHandler
                0x00000000080018e0                TIM2_IRQHandler
                0x00000000080018e0                OTG_FS_WKUP_IRQHandler
                0x00000000080018e0                OTG_HS_IRQHandler
                0x00000000080018e0                HSEM2_IRQHandler
                0x00000000080018e0                DMA2D_IRQHandler
                0x00000000080018e0                TIM1_BRK_IRQHandler
                0x00000000080018e0                EXTI1_IRQHandler
                0x00000000080018e0                SDMMC2_IRQHandler
                0x00000000080018e0                OTG_FS_EP1_OUT_IRQHandler
                0x00000000080018e0                BDMA_Channel3_IRQHandler
                0x00000000080018e0                HOLD_CORE_IRQHandler
                0x00000000080018e0                UART7_IRQHandler
                0x00000000080018e0                MDIOS_WKUP_IRQHandler
                0x00000000080018e0                USART2_IRQHandler
                0x00000000080018e0                DFSDM1_FLT0_IRQHandler
                0x00000000080018e0                SAI4_IRQHandler
                0x00000000080018e0                I2C2_ER_IRQHandler
                0x00000000080018e0                DMA2_Stream1_IRQHandler
                0x00000000080018e0                FLASH_IRQHandler
                0x00000000080018e0                DMA2_Stream4_IRQHandler
                0x00000000080018e0                USART1_IRQHandler
                0x00000000080018e0                OTG_FS_IRQHandler
                0x00000000080018e0                SPI3_IRQHandler
                0x00000000080018e0                WAKEUP_PIN_IRQHandler
                0x00000000080018e0                DMA1_Stream4_IRQHandler
                0x00000000080018e0                OTG_FS_EP1_IN_IRQHandler
                0x00000000080018e0                I2C1_ER_IRQHandler
                0x00000000080018e0                FMC_IRQHandler
                0x00000000080018e0                FDCAN_CAL_IRQHandler
                0x00000000080018e0                SWPMI1_IRQHandler
                0x00000000080018e0                COMP1_IRQHandler
                0x00000000080018e0                LPTIM1_IRQHandler
                0x00000000080018e0                I2C4_ER_IRQHandler
                0x00000000080018e0                DMA2_Stream6_IRQHandler
                0x00000000080018e0                SAI1_IRQHandler
                0x00000000080018e0                DMA1_Stream3_IRQHandler
 *fill*         0x00000000080018e2        0x2 
 .text.HAL_Init
                0x00000000080018e4       0x78 ./Drivers/STM32H7xx_HAL_Driver/stm32h7xx_hal.o
                0x00000000080018e4                HAL_Init
 .text.HAL_InitTick
                0x000000000800195c       0x6c ./Drivers/STM32H7xx_HAL_Driver/stm32h7xx_hal.o
                0x000000000800195c                HAL_InitTick
 .text.HAL_IncTick
                0x00000000080019c8       0x28 ./Drivers/STM32H7xx_HAL_Driver/stm32h7xx_hal.o
                0x00000000080019c8                HAL_IncTick
 .text.HAL_GetTick
                0x00000000080019f0       0x18 ./Drivers/STM32H7xx_HAL_Driver/stm32h7xx_hal.o
                0x00000000080019f0                HAL_GetTick
 .text.HAL_Delay
                0x0000000008001a08       0x48 ./Drivers/STM32H7xx_HAL_Driver/stm32h7xx_hal.o
                0x0000000008001a08                HAL_Delay
 .text.HAL_GetREVID
                0x0000000008001a50       0x18 ./Drivers/STM32H7xx_HAL_Driver/stm32h7xx_hal.o
                0x0000000008001a50                HAL_GetREVID
 .text.__NVIC_SetPriorityGrouping
                0x0000000008001a68       0x48 ./Drivers/STM32H7xx_HAL_Driver/stm32h7xx_hal_cortex.o
 .text.__NVIC_GetPriorityGrouping
                0x0000000008001ab0       0x1c ./Drivers/STM32H7xx_HAL_Driver/stm32h7xx_hal_cortex.o
 .text.__NVIC_EnableIRQ
                0x0000000008001acc       0x3c ./Drivers/STM32H7xx_HAL_Driver/stm32h7xx_hal_cortex.o
 .text.__NVIC_SetPriority
                0x0000000008001b08       0x54 ./Drivers/STM32H7xx_HAL_Driver/stm32h7xx_hal_cortex.o
 .text.NVIC_EncodePriority
                0x0000000008001b5c       0x66 ./Drivers/STM32H7xx_HAL_Driver/stm32h7xx_hal_cortex.o
 *fill*         0x0000000008001bc2        0x2 
 .text.SysTick_Config
                0x0000000008001bc4       0x44 ./Drivers/STM32H7xx_HAL_Driver/stm32h7xx_hal_cortex.o
 .text.HAL_NVIC_SetPriorityGrouping
                0x0000000008001c08       0x16 ./Drivers/STM32H7xx_HAL_Driver/stm32h7xx_hal_cortex.o
                0x0000000008001c08                HAL_NVIC_SetPriorityGrouping
 .text.HAL_NVIC_SetPriority
                0x0000000008001c1e       0x34 ./Drivers/STM32H7xx_HAL_Driver/stm32h7xx_hal_cortex.o
                0x0000000008001c1e                HAL_NVIC_SetPriority
 .text.HAL_NVIC_EnableIRQ
                0x0000000008001c52       0x1c ./Drivers/STM32H7xx_HAL_Driver/stm32h7xx_hal_cortex.o
                0x0000000008001c52                HAL_NVIC_EnableIRQ
 .text.HAL_SYSTICK_Config
                0x0000000008001c6e       0x18 ./Drivers/STM32H7xx_HAL_Driver/stm32h7xx_hal_cortex.o
                0x0000000008001c6e                HAL_SYSTICK_Config
 *fill*         0x0000000008001c86        0x2 
 .text.HAL_DMA_Init
                0x0000000008001c88      0x6b8 ./Drivers/STM32H7xx_HAL_Driver/stm32h7xx_hal_dma.o
                0x0000000008001c88                HAL_DMA_Init
 .text.HAL_DMA_Start_IT
                0x0000000008002340      0x4d4 ./Drivers/STM32H7xx_HAL_Driver/stm32h7xx_hal_dma.o
                0x0000000008002340                HAL_DMA_Start_IT
 .text.HAL_DMA_Abort
                0x0000000008002814      0x63c ./Drivers/STM32H7xx_HAL_Driver/stm32h7xx_hal_dma.o
                0x0000000008002814                HAL_DMA_Abort
 .text.HAL_DMA_IRQHandler
                0x0000000008002e50      0xe54 ./Drivers/STM32H7xx_HAL_Driver/stm32h7xx_hal_dma.o
                0x0000000008002e50                HAL_DMA_IRQHandler
 .text.DMA_SetConfig
                0x0000000008003ca4      0x358 ./Drivers/STM32H7xx_HAL_Driver/stm32h7xx_hal_dma.o
 .text.DMA_CalcBaseAndBitshift
                0x0000000008003ffc      0x164 ./Drivers/STM32H7xx_HAL_Driver/stm32h7xx_hal_dma.o
 .text.DMA_CheckFifoParam
                0x0000000008004160       0xf8 ./Drivers/STM32H7xx_HAL_Driver/stm32h7xx_hal_dma.o
 .text.DMA_CalcDMAMUXChannelBaseAndMask
                0x0000000008004258      0x134 ./Drivers/STM32H7xx_HAL_Driver/stm32h7xx_hal_dma.o
 .text.DMA_CalcDMAMUXRequestGenBaseAndMask
                0x000000000800438c       0xe8 ./Drivers/STM32H7xx_HAL_Driver/stm32h7xx_hal_dma.o
 .text.HAL_GPIO_Init
                0x0000000008004474      0x360 ./Drivers/STM32H7xx_HAL_Driver/stm32h7xx_hal_gpio.o
                0x0000000008004474                HAL_GPIO_Init
 .text.HAL_GPIO_ReadPin
                0x00000000080047d4       0x30 ./Drivers/STM32H7xx_HAL_Driver/stm32h7xx_hal_gpio.o
                0x00000000080047d4                HAL_GPIO_ReadPin
 .text.HAL_GPIO_WritePin
                0x0000000008004804       0x32 ./Drivers/STM32H7xx_HAL_Driver/stm32h7xx_hal_gpio.o
                0x0000000008004804                HAL_GPIO_WritePin
 *fill*         0x0000000008004836        0x2 
 .text.HAL_HSEM_FastTake
                0x0000000008004838       0x34 ./Drivers/STM32H7xx_HAL_Driver/stm32h7xx_hal_hsem.o
                0x0000000008004838                HAL_HSEM_FastTake
 .text.HAL_HSEM_Release
                0x000000000800486c       0x28 ./Drivers/STM32H7xx_HAL_Driver/stm32h7xx_hal_hsem.o
                0x000000000800486c                HAL_HSEM_Release
 .text.HAL_I2S_Init
                0x0000000008004894      0x248 ./Drivers/STM32H7xx_HAL_Driver/stm32h7xx_hal_i2s.o
                0x0000000008004894                HAL_I2S_Init
 .text.HAL_I2S_Transmit_DMA
                0x0000000008004adc      0x144 ./Drivers/STM32H7xx_HAL_Driver/stm32h7xx_hal_i2s.o
                0x0000000008004adc                HAL_I2S_Transmit_DMA
 .text.HAL_I2S_Receive_DMA
                0x0000000008004c20      0x144 ./Drivers/STM32H7xx_HAL_Driver/stm32h7xx_hal_i2s.o
                0x0000000008004c20                HAL_I2S_Receive_DMA
 .text.HAL_I2S_DMAStop
                0x0000000008004d64       0x9e ./Drivers/STM32H7xx_HAL_Driver/stm32h7xx_hal_i2s.o
                0x0000000008004d64                HAL_I2S_DMAStop
 .text.HAL_I2S_ErrorCallback
                0x0000000008004e02       0x14 ./Drivers/STM32H7xx_HAL_Driver/stm32h7xx_hal_i2s.o
                0x0000000008004e02                HAL_I2S_ErrorCallback
 .text.I2S_DMATxCplt
                0x0000000008004e16       0x42 ./Drivers/STM32H7xx_HAL_Driver/stm32h7xx_hal_i2s.o
 .text.I2S_DMATxHalfCplt
                0x0000000008004e58       0x1c ./Drivers/STM32H7xx_HAL_Driver/stm32h7xx_hal_i2s.o
 .text.I2S_DMARxCplt
                0x0000000008004e74       0x42 ./Drivers/STM32H7xx_HAL_Driver/stm32h7xx_hal_i2s.o
 .text.I2S_DMARxHalfCplt
                0x0000000008004eb6       0x1c ./Drivers/STM32H7xx_HAL_Driver/stm32h7xx_hal_i2s.o
 .text.I2S_DMAError
                0x0000000008004ed2       0x4c ./Drivers/STM32H7xx_HAL_Driver/stm32h7xx_hal_i2s.o
 *fill*         0x0000000008004f1e        0x2 
 .text.HAL_PWREx_ConfigSupply
                0x0000000008004f20       0xb4 ./Drivers/STM32H7xx_HAL_Driver/stm32h7xx_hal_pwr_ex.o
                0x0000000008004f20                HAL_PWREx_ConfigSupply
 .text.HAL_RCC_OscConfig
                0x0000000008004fd4      0x8b4 ./Drivers/STM32H7xx_HAL_Driver/stm32h7xx_hal_rcc.o
                0x0000000008004fd4                HAL_RCC_OscConfig
 .text.HAL_RCC_ClockConfig
                0x0000000008005888      0x36c ./Drivers/STM32H7xx_HAL_Driver/stm32h7xx_hal_rcc.o
                0x0000000008005888                HAL_RCC_ClockConfig
 .text.HAL_RCC_MCOConfig
                0x0000000008005bf4       0xd4 ./Drivers/STM32H7xx_HAL_Driver/stm32h7xx_hal_rcc.o
                0x0000000008005bf4                HAL_RCC_MCOConfig
 .text.HAL_RCC_GetSysClockFreq
                0x0000000008005cc8      0x2f4 ./Drivers/STM32H7xx_HAL_Driver/stm32h7xx_hal_rcc.o
                0x0000000008005cc8                HAL_RCC_GetSysClockFreq
 .text.HAL_RCC_GetHCLKFreq
                0x0000000008005fbc       0x60 ./Drivers/STM32H7xx_HAL_Driver/stm32h7xx_hal_rcc.o
                0x0000000008005fbc                HAL_RCC_GetHCLKFreq
 .text.HAL_RCC_GetPCLK1Freq
                0x000000000800601c       0x2c ./Drivers/STM32H7xx_HAL_Driver/stm32h7xx_hal_rcc.o
                0x000000000800601c                HAL_RCC_GetPCLK1Freq
 .text.HAL_RCC_GetPCLK2Freq
                0x0000000008006048       0x2c ./Drivers/STM32H7xx_HAL_Driver/stm32h7xx_hal_rcc.o
                0x0000000008006048                HAL_RCC_GetPCLK2Freq
 .text.HAL_RCCEx_PeriphCLKConfig
                0x0000000008006074     0x1494 ./Drivers/STM32H7xx_HAL_Driver/stm32h7xx_hal_rcc_ex.o
                0x0000000008006074                HAL_RCCEx_PeriphCLKConfig
 .text.HAL_RCCEx_GetPeriphCLKFreq
                0x0000000008007508      0xb00 ./Drivers/STM32H7xx_HAL_Driver/stm32h7xx_hal_rcc_ex.o
                0x0000000008007508                HAL_RCCEx_GetPeriphCLKFreq
 .text.HAL_RCCEx_GetD3PCLK1Freq
                0x0000000008008008       0x2c ./Drivers/STM32H7xx_HAL_Driver/stm32h7xx_hal_rcc_ex.o
                0x0000000008008008                HAL_RCCEx_GetD3PCLK1Freq
 .text.HAL_RCCEx_GetPLL2ClockFreq
                0x0000000008008034      0x2a8 ./Drivers/STM32H7xx_HAL_Driver/stm32h7xx_hal_rcc_ex.o
                0x0000000008008034                HAL_RCCEx_GetPLL2ClockFreq
 .text.HAL_RCCEx_GetPLL3ClockFreq
                0x00000000080082dc      0x2a8 ./Drivers/STM32H7xx_HAL_Driver/stm32h7xx_hal_rcc_ex.o
                0x00000000080082dc                HAL_RCCEx_GetPLL3ClockFreq
 .text.HAL_RCCEx_GetPLL1ClockFreq
                0x0000000008008584      0x2a4 ./Drivers/STM32H7xx_HAL_Driver/stm32h7xx_hal_rcc_ex.o
                0x0000000008008584                HAL_RCCEx_GetPLL1ClockFreq
 .text.RCCEx_PLL2_Config
                0x0000000008008828      0x164 ./Drivers/STM32H7xx_HAL_Driver/stm32h7xx_hal_rcc_ex.o
 .text.RCCEx_PLL3_Config
                0x000000000800898c      0x164 ./Drivers/STM32H7xx_HAL_Driver/stm32h7xx_hal_rcc_ex.o
 .text.HAL_SD_Init
                0x0000000008008af0      0x106 ./Drivers/STM32H7xx_HAL_Driver/stm32h7xx_hal_sd.o
                0x0000000008008af0                HAL_SD_Init
 *fill*         0x0000000008008bf6        0x2 
 .text.HAL_SD_InitCard
                0x0000000008008bf8      0x138 ./Drivers/STM32H7xx_HAL_Driver/stm32h7xx_hal_sd.o
                0x0000000008008bf8                HAL_SD_InitCard
 .text.HAL_SD_ReadBlocks
                0x0000000008008d30      0x314 ./Drivers/STM32H7xx_HAL_Driver/stm32h7xx_hal_sd.o
                0x0000000008008d30                HAL_SD_ReadBlocks
 .text.HAL_SD_WriteBlocks
                0x0000000008009044      0x31c ./Drivers/STM32H7xx_HAL_Driver/stm32h7xx_hal_sd.o
                0x0000000008009044                HAL_SD_WriteBlocks
 .text.HAL_SD_GetCardCSD
                0x0000000008009360      0x348 ./Drivers/STM32H7xx_HAL_Driver/stm32h7xx_hal_sd.o
                0x0000000008009360                HAL_SD_GetCardCSD
 .text.HAL_SD_GetCardStatus
                0x00000000080096a8      0x17c ./Drivers/STM32H7xx_HAL_Driver/stm32h7xx_hal_sd.o
                0x00000000080096a8                HAL_SD_GetCardStatus
 .text.HAL_SD_GetCardInfo
                0x0000000008009824       0x58 ./Drivers/STM32H7xx_HAL_Driver/stm32h7xx_hal_sd.o
                0x0000000008009824                HAL_SD_GetCardInfo
 .text.HAL_SD_ConfigWideBusOperation
                0x000000000800987c      0x224 ./Drivers/STM32H7xx_HAL_Driver/stm32h7xx_hal_sd.o
                0x000000000800987c                HAL_SD_ConfigWideBusOperation
 .text.HAL_SD_GetCardState
                0x0000000008009aa0       0x40 ./Drivers/STM32H7xx_HAL_Driver/stm32h7xx_hal_sd.o
                0x0000000008009aa0                HAL_SD_GetCardState
 .text.SD_InitCard
                0x0000000008009ae0      0x19c ./Drivers/STM32H7xx_HAL_Driver/stm32h7xx_hal_sd.o
 .text.SD_PowerON
                0x0000000008009c7c      0x11c ./Drivers/STM32H7xx_HAL_Driver/stm32h7xx_hal_sd.o
 .text.SD_SendSDStatus
                0x0000000008009d98      0x1a0 ./Drivers/STM32H7xx_HAL_Driver/stm32h7xx_hal_sd.o
 .text.SD_SendStatus
                0x0000000008009f38       0x50 ./Drivers/STM32H7xx_HAL_Driver/stm32h7xx_hal_sd.o
 .text.SD_WideBus_Enable
                0x0000000008009f88       0x96 ./Drivers/STM32H7xx_HAL_Driver/stm32h7xx_hal_sd.o
 .text.SD_WideBus_Disable
                0x000000000800a01e       0x96 ./Drivers/STM32H7xx_HAL_Driver/stm32h7xx_hal_sd.o
 .text.SD_FindSCR
                0x000000000800a0b4      0x1a0 ./Drivers/STM32H7xx_HAL_Driver/stm32h7xx_hal_sd.o
 .text.HAL_UART_Init
                0x000000000800a254       0xa0 ./Drivers/STM32H7xx_HAL_Driver/stm32h7xx_hal_uart.o
                0x000000000800a254                HAL_UART_Init
 .text.UART_SetConfig
                0x000000000800a2f4      0xad0 ./Drivers/STM32H7xx_HAL_Driver/stm32h7xx_hal_uart.o
                0x000000000800a2f4                UART_SetConfig
 .text.UART_AdvFeatureConfig
                0x000000000800adc4      0x144 ./Drivers/STM32H7xx_HAL_Driver/stm32h7xx_hal_uart.o
                0x000000000800adc4                UART_AdvFeatureConfig
 .text.UART_CheckIdleState
                0x000000000800af08      0x154 ./Drivers/STM32H7xx_HAL_Driver/stm32h7xx_hal_uart.o
                0x000000000800af08                UART_CheckIdleState
 .text.UART_WaitOnFlagUntilTimeout
                0x000000000800b05c       0xce ./Drivers/STM32H7xx_HAL_Driver/stm32h7xx_hal_uart.o
                0x000000000800b05c                UART_WaitOnFlagUntilTimeout
 *fill*         0x000000000800b12a        0x2 
 .text.UART_EndRxTransfer
                0x000000000800b12c       0xcc ./Drivers/STM32H7xx_HAL_Driver/stm32h7xx_hal_uart.o
 .text.HAL_UARTEx_DisableFifoMode
                0x000000000800b1f8       0x72 ./Drivers/STM32H7xx_HAL_Driver/stm32h7xx_hal_uart_ex.o
                0x000000000800b1f8                HAL_UARTEx_DisableFifoMode
 .text.HAL_UARTEx_SetTxFifoThreshold
                0x000000000800b26a       0x7c ./Drivers/STM32H7xx_HAL_Driver/stm32h7xx_hal_uart_ex.o
                0x000000000800b26a                HAL_UARTEx_SetTxFifoThreshold
 .text.HAL_UARTEx_SetRxFifoThreshold
                0x000000000800b2e6       0x7c ./Drivers/STM32H7xx_HAL_Driver/stm32h7xx_hal_uart_ex.o
                0x000000000800b2e6                HAL_UARTEx_SetRxFifoThreshold
 *fill*         0x000000000800b362        0x2 
 .text.UARTEx_SetNbDataToProcess
                0x000000000800b364       0x9c ./Drivers/STM32H7xx_HAL_Driver/stm32h7xx_hal_uart_ex.o
 .text.SDMMC_Init
                0x000000000800b400       0x54 ./Drivers/STM32H7xx_HAL_Driver/stm32h7xx_ll_sdmmc.o
                0x000000000800b400                SDMMC_Init
 .text.SDMMC_ReadFIFO
                0x000000000800b454       0x1a ./Drivers/STM32H7xx_HAL_Driver/stm32h7xx_ll_sdmmc.o
                0x000000000800b454                SDMMC_ReadFIFO
 .text.SDMMC_WriteFIFO
                0x000000000800b46e       0x22 ./Drivers/STM32H7xx_HAL_Driver/stm32h7xx_ll_sdmmc.o
                0x000000000800b46e                SDMMC_WriteFIFO
 .text.SDMMC_PowerState_ON
                0x000000000800b490       0x22 ./Drivers/STM32H7xx_HAL_Driver/stm32h7xx_ll_sdmmc.o
                0x000000000800b490                SDMMC_PowerState_ON
 .text.SDMMC_GetPowerState
                0x000000000800b4b2       0x1c ./Drivers/STM32H7xx_HAL_Driver/stm32h7xx_ll_sdmmc.o
                0x000000000800b4b2                SDMMC_GetPowerState
 *fill*         0x000000000800b4ce        0x2 
 .text.SDMMC_SendCommand
                0x000000000800b4d0       0x54 ./Drivers/STM32H7xx_HAL_Driver/stm32h7xx_ll_sdmmc.o
                0x000000000800b4d0                SDMMC_SendCommand
 .text.SDMMC_GetCommandResponse
                0x000000000800b524       0x1a ./Drivers/STM32H7xx_HAL_Driver/stm32h7xx_ll_sdmmc.o
                0x000000000800b524                SDMMC_GetCommandResponse
 .text.SDMMC_GetResponse
                0x000000000800b53e       0x26 ./Drivers/STM32H7xx_HAL_Driver/stm32h7xx_ll_sdmmc.o
                0x000000000800b53e                SDMMC_GetResponse
 .text.SDMMC_ConfigData
                0x000000000800b564       0x58 ./Drivers/STM32H7xx_HAL_Driver/stm32h7xx_ll_sdmmc.o
                0x000000000800b564                SDMMC_ConfigData
 .text.SDMMC_CmdBlockLength
                0x000000000800b5bc       0x46 ./Drivers/STM32H7xx_HAL_Driver/stm32h7xx_ll_sdmmc.o
                0x000000000800b5bc                SDMMC_CmdBlockLength
 .text.SDMMC_CmdReadSingleBlock
                0x000000000800b602       0x46 ./Drivers/STM32H7xx_HAL_Driver/stm32h7xx_ll_sdmmc.o
                0x000000000800b602                SDMMC_CmdReadSingleBlock
 .text.SDMMC_CmdReadMultiBlock
                0x000000000800b648       0x46 ./Drivers/STM32H7xx_HAL_Driver/stm32h7xx_ll_sdmmc.o
                0x000000000800b648                SDMMC_CmdReadMultiBlock
 .text.SDMMC_CmdWriteSingleBlock
                0x000000000800b68e       0x46 ./Drivers/STM32H7xx_HAL_Driver/stm32h7xx_ll_sdmmc.o
                0x000000000800b68e                SDMMC_CmdWriteSingleBlock
 .text.SDMMC_CmdWriteMultiBlock
                0x000000000800b6d4       0x46 ./Drivers/STM32H7xx_HAL_Driver/stm32h7xx_ll_sdmmc.o
                0x000000000800b6d4                SDMMC_CmdWriteMultiBlock
 *fill*         0x000000000800b71a        0x2 
 .text.SDMMC_CmdStopTransfer
                0x000000000800b71c       0x78 ./Drivers/STM32H7xx_HAL_Driver/stm32h7xx_ll_sdmmc.o
                0x000000000800b71c                SDMMC_CmdStopTransfer
 .text.SDMMC_CmdSelDesel
                0x000000000800b794       0x46 ./Drivers/STM32H7xx_HAL_Driver/stm32h7xx_ll_sdmmc.o
                0x000000000800b794                SDMMC_CmdSelDesel
 .text.SDMMC_CmdGoIdleState
                0x000000000800b7da       0x3c ./Drivers/STM32H7xx_HAL_Driver/stm32h7xx_ll_sdmmc.o
                0x000000000800b7da                SDMMC_CmdGoIdleState
 .text.SDMMC_CmdOperCond
                0x000000000800b816       0x40 ./Drivers/STM32H7xx_HAL_Driver/stm32h7xx_ll_sdmmc.o
                0x000000000800b816                SDMMC_CmdOperCond
 .text.SDMMC_CmdAppCommand
                0x000000000800b856       0x46 ./Drivers/STM32H7xx_HAL_Driver/stm32h7xx_ll_sdmmc.o
                0x000000000800b856                SDMMC_CmdAppCommand
 .text.SDMMC_CmdAppOperCommand
                0x000000000800b89c       0x40 ./Drivers/STM32H7xx_HAL_Driver/stm32h7xx_ll_sdmmc.o
                0x000000000800b89c                SDMMC_CmdAppOperCommand
 .text.SDMMC_CmdBusWidth
                0x000000000800b8dc       0x46 ./Drivers/STM32H7xx_HAL_Driver/stm32h7xx_ll_sdmmc.o
                0x000000000800b8dc                SDMMC_CmdBusWidth
 .text.SDMMC_CmdSendSCR
                0x000000000800b922       0x44 ./Drivers/STM32H7xx_HAL_Driver/stm32h7xx_ll_sdmmc.o
                0x000000000800b922                SDMMC_CmdSendSCR
 .text.SDMMC_CmdSendCID
                0x000000000800b966       0x3e ./Drivers/STM32H7xx_HAL_Driver/stm32h7xx_ll_sdmmc.o
                0x000000000800b966                SDMMC_CmdSendCID
 .text.SDMMC_CmdSendCSD
                0x000000000800b9a4       0x40 ./Drivers/STM32H7xx_HAL_Driver/stm32h7xx_ll_sdmmc.o
                0x000000000800b9a4                SDMMC_CmdSendCSD
 .text.SDMMC_CmdSetRelAdd
                0x000000000800b9e4       0x44 ./Drivers/STM32H7xx_HAL_Driver/stm32h7xx_ll_sdmmc.o
                0x000000000800b9e4                SDMMC_CmdSetRelAdd
 .text.SDMMC_CmdSendStatus
                0x000000000800ba28       0x46 ./Drivers/STM32H7xx_HAL_Driver/stm32h7xx_ll_sdmmc.o
                0x000000000800ba28                SDMMC_CmdSendStatus
 .text.SDMMC_CmdStatusRegister
                0x000000000800ba6e       0x44 ./Drivers/STM32H7xx_HAL_Driver/stm32h7xx_ll_sdmmc.o
                0x000000000800ba6e                SDMMC_CmdStatusRegister
 *fill*         0x000000000800bab2        0x2 
 .text.SDMMC_GetCmdResp1
                0x000000000800bab4      0x1e4 ./Drivers/STM32H7xx_HAL_Driver/stm32h7xx_ll_sdmmc.o
                0x000000000800bab4                SDMMC_GetCmdResp1
 .text.SDMMC_GetCmdResp2
                0x000000000800bc98       0x94 ./Drivers/STM32H7xx_HAL_Driver/stm32h7xx_ll_sdmmc.o
                0x000000000800bc98                SDMMC_GetCmdResp2
 .text.SDMMC_GetCmdResp3
                0x000000000800bd2c       0x80 ./Drivers/STM32H7xx_HAL_Driver/stm32h7xx_ll_sdmmc.o
                0x000000000800bd2c                SDMMC_GetCmdResp3
 .text.SDMMC_GetCmdResp6
                0x000000000800bdac       0xf0 ./Drivers/STM32H7xx_HAL_Driver/stm32h7xx_ll_sdmmc.o
                0x000000000800bdac                SDMMC_GetCmdResp6
 .text.SDMMC_GetCmdResp7
                0x000000000800be9c       0x9c ./Drivers/STM32H7xx_HAL_Driver/stm32h7xx_ll_sdmmc.o
                0x000000000800be9c                SDMMC_GetCmdResp7
 .text.SDMMC_GetCmdError
                0x000000000800bf38       0x5c ./Drivers/STM32H7xx_HAL_Driver/stm32h7xx_ll_sdmmc.o
 .text.MX_FATFS_Init
                0x000000000800bf94       0x24 ./FATFS/App/fatfs.o
                0x000000000800bf94                MX_FATFS_Init
 .text.get_fattime
                0x000000000800bfb8       0x10 ./FATFS/App/fatfs.o
                0x000000000800bfb8                get_fattime
 .text.BSP_SD_Init
                0x000000000800bfc8       0x4c ./FATFS/Target/bsp_driver_sd.o
                0x000000000800bfc8                BSP_SD_Init
 .text.BSP_SD_ReadBlocks
                0x000000000800c014       0x3c ./FATFS/Target/bsp_driver_sd.o
                0x000000000800c014                BSP_SD_ReadBlocks
 .text.BSP_SD_WriteBlocks
                0x000000000800c050       0x3c ./FATFS/Target/bsp_driver_sd.o
                0x000000000800c050                BSP_SD_WriteBlocks
 .text.BSP_SD_GetCardState
                0x000000000800c08c       0x20 ./FATFS/Target/bsp_driver_sd.o
                0x000000000800c08c                BSP_SD_GetCardState
 .text.BSP_SD_GetCardInfo
                0x000000000800c0ac       0x1c ./FATFS/Target/bsp_driver_sd.o
                0x000000000800c0ac                BSP_SD_GetCardInfo
 .text.BSP_SD_IsDetected
                0x000000000800c0c8       0x24 ./FATFS/Target/bsp_driver_sd.o
                0x000000000800c0c8                BSP_SD_IsDetected
 .text.BSP_PlatformIsDetected
                0x000000000800c0ec       0x2c ./FATFS/Target/fatfs_platform.o
                0x000000000800c0ec                BSP_PlatformIsDetected
 .text.SD_CheckStatus
                0x000000000800c118       0x3c ./FATFS/Target/sd_diskio.o
 .text.SD_initialize
                0x000000000800c154       0x3c ./FATFS/Target/sd_diskio.o
                0x000000000800c154                SD_initialize
 .text.SD_status
                0x000000000800c190       0x1c ./FATFS/Target/sd_diskio.o
                0x000000000800c190                SD_status
 .text.SD_read  0x000000000800c1ac       0x42 ./FATFS/Target/sd_diskio.o
                0x000000000800c1ac                SD_read
 .text.SD_write
                0x000000000800c1ee       0x42 ./FATFS/Target/sd_diskio.o
                0x000000000800c1ee                SD_write
 .text.SD_ioctl
                0x000000000800c230       0xb0 ./FATFS/Target/sd_diskio.o
                0x000000000800c230                SD_ioctl
 .text.ff_convert
                0x000000000800c2e0       0x78 ./Middlewares/Third_Party/FatFs/ccsbcs.o
                0x000000000800c2e0                ff_convert
 .text.ff_wtoupper
                0x000000000800c358      0x114 ./Middlewares/Third_Party/FatFs/ccsbcs.o
                0x000000000800c358                ff_wtoupper
 .text.disk_status
                0x000000000800c46c       0x34 ./Middlewares/Third_Party/FatFs/diskio.o
                0x000000000800c46c                disk_status
 .text.disk_initialize
                0x000000000800c4a0       0x4c ./Middlewares/Third_Party/FatFs/diskio.o
                0x000000000800c4a0                disk_initialize
 .text.disk_read
                0x000000000800c4ec       0x40 ./Middlewares/Third_Party/FatFs/diskio.o
                0x000000000800c4ec                disk_read
 .text.disk_write
                0x000000000800c52c       0x40 ./Middlewares/Third_Party/FatFs/diskio.o
                0x000000000800c52c                disk_write
 .text.disk_ioctl
                0x000000000800c56c       0x3c ./Middlewares/Third_Party/FatFs/diskio.o
                0x000000000800c56c                disk_ioctl
 .text.ld_word  0x000000000800c5a8       0x30 ./Middlewares/Third_Party/FatFs/ff.o
 .text.ld_dword
                0x000000000800c5d8       0x46 ./Middlewares/Third_Party/FatFs/ff.o
 .text.st_word  0x000000000800c61e       0x36 ./Middlewares/Third_Party/FatFs/ff.o
 .text.st_dword
                0x000000000800c654       0x58 ./Middlewares/Third_Party/FatFs/ff.o
 .text.mem_cpy  0x000000000800c6ac       0x42 ./Middlewares/Third_Party/FatFs/ff.o
 .text.mem_set  0x000000000800c6ee       0x36 ./Middlewares/Third_Party/FatFs/ff.o
 .text.mem_cmp  0x000000000800c724       0x4e ./Middlewares/Third_Party/FatFs/ff.o
 .text.chk_chr  0x000000000800c772       0x36 ./Middlewares/Third_Party/FatFs/ff.o
 .text.chk_lock
                0x000000000800c7a8       0xb8 ./Middlewares/Third_Party/FatFs/ff.o
 .text.enq_lock
                0x000000000800c860       0x44 ./Middlewares/Third_Party/FatFs/ff.o
 .text.inc_lock
                0x000000000800c8a4      0x11c ./Middlewares/Third_Party/FatFs/ff.o
 .text.dec_lock
                0x000000000800c9c0       0x78 ./Middlewares/Third_Party/FatFs/ff.o
 .text.clear_lock
                0x000000000800ca38       0x48 ./Middlewares/Third_Party/FatFs/ff.o
 .text.sync_window
                0x000000000800ca80       0x88 ./Middlewares/Third_Party/FatFs/ff.o
 .text.move_window
                0x000000000800cb08       0x5a ./Middlewares/Third_Party/FatFs/ff.o
 *fill*         0x000000000800cb62        0x2 
 .text.sync_fs  0x000000000800cb64       0xdc ./Middlewares/Third_Party/FatFs/ff.o
 .text.clust2sect
                0x000000000800cc40       0x3e ./Middlewares/Third_Party/FatFs/ff.o
 .text.get_fat  0x000000000800cc7e      0x150 ./Middlewares/Third_Party/FatFs/ff.o
 .text.put_fat  0x000000000800cdce      0x1d8 ./Middlewares/Third_Party/FatFs/ff.o
 .text.remove_chain
                0x000000000800cfa6       0xca ./Middlewares/Third_Party/FatFs/ff.o
 .text.create_chain
                0x000000000800d070      0x130 ./Middlewares/Third_Party/FatFs/ff.o
 .text.clmt_clust
                0x000000000800d1a0       0x68 ./Middlewares/Third_Party/FatFs/ff.o
 .text.dir_sdi  0x000000000800d208       0xf6 ./Middlewares/Third_Party/FatFs/ff.o
 .text.dir_next
                0x000000000800d2fe      0x18a ./Middlewares/Third_Party/FatFs/ff.o
 .text.dir_alloc
                0x000000000800d488       0x8e ./Middlewares/Third_Party/FatFs/ff.o
 .text.ld_clust
                0x000000000800d516       0x3e ./Middlewares/Third_Party/FatFs/ff.o
 .text.st_clust
                0x000000000800d554       0x40 ./Middlewares/Third_Party/FatFs/ff.o
 .text.cmp_lfn  0x000000000800d594       0xe0 ./Middlewares/Third_Party/FatFs/ff.o
 .text.put_lfn  0x000000000800d674       0xd0 ./Middlewares/Third_Party/FatFs/ff.o
 .text.gen_numname
                0x000000000800d744      0x11c ./Middlewares/Third_Party/FatFs/ff.o
 .text.sum_sfn  0x000000000800d860       0x42 ./Middlewares/Third_Party/FatFs/ff.o
 .text.dir_find
                0x000000000800d8a2      0x180 ./Middlewares/Third_Party/FatFs/ff.o
 *fill*         0x000000000800da22        0x2 
 .text.dir_register
                0x000000000800da24      0x1f0 ./Middlewares/Third_Party/FatFs/ff.o
 .text.create_name
                0x000000000800dc14      0x370 ./Middlewares/Third_Party/FatFs/ff.o
 .text.follow_path
                0x000000000800df84       0xe2 ./Middlewares/Third_Party/FatFs/ff.o
 .text.get_ldnumber
                0x000000000800e066       0x88 ./Middlewares/Third_Party/FatFs/ff.o
 *fill*         0x000000000800e0ee        0x2 
 .text.check_fs
                0x000000000800e0f0       0xac ./Middlewares/Third_Party/FatFs/ff.o
 .text.find_volume
                0x000000000800e19c      0x498 ./Middlewares/Third_Party/FatFs/ff.o
 .text.validate
                0x000000000800e634       0x6a ./Middlewares/Third_Party/FatFs/ff.o
 *fill*         0x000000000800e69e        0x2 
 .text.f_mount  0x000000000800e6a0       0x8c ./Middlewares/Third_Party/FatFs/ff.o
                0x000000000800e6a0                f_mount
 .text.f_open   0x000000000800e72c      0x39c ./Middlewares/Third_Party/FatFs/ff.o
                0x000000000800e72c                f_open
 .text.f_read   0x000000000800eac8      0x27e ./Middlewares/Third_Party/FatFs/ff.o
                0x000000000800eac8                f_read
 .text.f_write  0x000000000800ed46      0x2ea ./Middlewares/Third_Party/FatFs/ff.o
                0x000000000800ed46                f_write
 .text.f_sync   0x000000000800f030       0xfc ./Middlewares/Third_Party/FatFs/ff.o
                0x000000000800f030                f_sync
 .text.f_close  0x000000000800f12c       0x54 ./Middlewares/Third_Party/FatFs/ff.o
                0x000000000800f12c                f_close
 .text.f_lseek  0x000000000800f180      0x412 ./Middlewares/Third_Party/FatFs/ff.o
                0x000000000800f180                f_lseek
 *fill*         0x000000000800f592        0x2 
 .text.FATFS_LinkDriverEx
                0x000000000800f594       0x98 ./Middlewares/Third_Party/FatFs/ff_gen_drv.o
                0x000000000800f594                FATFS_LinkDriverEx
 .text.FATFS_LinkDriver
                0x000000000800f62c       0x1e ./Middlewares/Third_Party/FatFs/ff_gen_drv.o
                0x000000000800f62c                FATFS_LinkDriver
 .text.ff_memalloc
                0x000000000800f64a       0x18 ./Middlewares/Third_Party/FatFs/syscall.o
                0x000000000800f64a                ff_memalloc
 .text.ff_memfree
                0x000000000800f662       0x16 ./Middlewares/Third_Party/FatFs/syscall.o
                0x000000000800f662                ff_memfree
 .text.__errno  0x000000000800f678        0xc c:/st/stm32cubeide_1.12.1/stm32cubeide/plugins/com.st.stm32cube.ide.mcu.externaltools.gnu-tools-for-stm32.10.3-2021.10.win32_1.0.200.202301161003/tools/bin/../lib/gcc/arm-none-eabi/10.3.1/../../../../arm-none-eabi/lib/thumb/v7e-m+dp/hard\libc_nano.a(lib_a-errno.o)
                0x000000000800f678                __errno
 .text.__libc_init_array
                0x000000000800f684       0x48 c:/st/stm32cubeide_1.12.1/stm32cubeide/plugins/com.st.stm32cube.ide.mcu.externaltools.gnu-tools-for-stm32.10.3-2021.10.win32_1.0.200.202301161003/tools/bin/../lib/gcc/arm-none-eabi/10.3.1/../../../../arm-none-eabi/lib/thumb/v7e-m+dp/hard\libc_nano.a(lib_a-init.o)
                0x000000000800f684                __libc_init_array
 .text.malloc   0x000000000800f6cc       0x10 c:/st/stm32cubeide_1.12.1/stm32cubeide/plugins/com.st.stm32cube.ide.mcu.externaltools.gnu-tools-for-stm32.10.3-2021.10.win32_1.0.200.202301161003/tools/bin/../lib/gcc/arm-none-eabi/10.3.1/../../../../arm-none-eabi/lib/thumb/v7e-m+dp/hard\libc_nano.a(lib_a-malloc.o)
                0x000000000800f6cc                malloc
 .text.free     0x000000000800f6dc       0x10 c:/st/stm32cubeide_1.12.1/stm32cubeide/plugins/com.st.stm32cube.ide.mcu.externaltools.gnu-tools-for-stm32.10.3-2021.10.win32_1.0.200.202301161003/tools/bin/../lib/gcc/arm-none-eabi/10.3.1/../../../../arm-none-eabi/lib/thumb/v7e-m+dp/hard\libc_nano.a(lib_a-malloc.o)
                0x000000000800f6dc                free
 .text.memset   0x000000000800f6ec       0x10 c:/st/stm32cubeide_1.12.1/stm32cubeide/plugins/com.st.stm32cube.ide.mcu.externaltools.gnu-tools-for-stm32.10.3-2021.10.win32_1.0.200.202301161003/tools/bin/../lib/gcc/arm-none-eabi/10.3.1/../../../../arm-none-eabi/lib/thumb/v7e-m+dp/hard\libc_nano.a(lib_a-memset.o)
                0x000000000800f6ec                memset
 .text._free_r  0x000000000800f6fc       0x98 c:/st/stm32cubeide_1.12.1/stm32cubeide/plugins/com.st.stm32cube.ide.mcu.externaltools.gnu-tools-for-stm32.10.3-2021.10.win32_1.0.200.202301161003/tools/bin/../lib/gcc/arm-none-eabi/10.3.1/../../../../arm-none-eabi/lib/thumb/v7e-m+dp/hard\libc_nano.a(lib_a-nano-freer.o)
                0x000000000800f6fc                _free_r
 .text.sbrk_aligned
                0x000000000800f794       0x40 c:/st/stm32cubeide_1.12.1/stm32cubeide/plugins/com.st.stm32cube.ide.mcu.externaltools.gnu-tools-for-stm32.10.3-2021.10.win32_1.0.200.202301161003/tools/bin/../lib/gcc/arm-none-eabi/10.3.1/../../../../arm-none-eabi/lib/thumb/v7e-m+dp/hard\libc_nano.a(lib_a-nano-mallocr.o)
 .text._malloc_r
                0x000000000800f7d4       0xe8 c:/st/stm32cubeide_1.12.1/stm32cubeide/plugins/com.st.stm32cube.ide.mcu.externaltools.gnu-tools-for-stm32.10.3-2021.10.win32_1.0.200.202301161003/tools/bin/../lib/gcc/arm-none-eabi/10.3.1/../../../../arm-none-eabi/lib/thumb/v7e-m+dp/hard\libc_nano.a(lib_a-nano-mallocr.o)
                0x000000000800f7d4                _malloc_r
 .text._sbrk_r  0x000000000800f8bc       0x20 c:/st/stm32cubeide_1.12.1/stm32cubeide/plugins/com.st.stm32cube.ide.mcu.externaltools.gnu-tools-for-stm32.10.3-2021.10.win32_1.0.200.202301161003/tools/bin/../lib/gcc/arm-none-eabi/10.3.1/../../../../arm-none-eabi/lib/thumb/v7e-m+dp/hard\libc_nano.a(lib_a-sbrkr.o)
                0x000000000800f8bc                _sbrk_r
 .text.__malloc_lock
                0x000000000800f8dc        0xc c:/st/stm32cubeide_1.12.1/stm32cubeide/plugins/com.st.stm32cube.ide.mcu.externaltools.gnu-tools-for-stm32.10.3-2021.10.win32_1.0.200.202301161003/tools/bin/../lib/gcc/arm-none-eabi/10.3.1/../../../../arm-none-eabi/lib/thumb/v7e-m+dp/hard\libc_nano.a(lib_a-mlock.o)
                0x000000000800f8dc                __malloc_lock
 .text.__malloc_unlock
                0x000000000800f8e8        0xc c:/st/stm32cubeide_1.12.1/stm32cubeide/plugins/com.st.stm32cube.ide.mcu.externaltools.gnu-tools-for-stm32.10.3-2021.10.win32_1.0.200.202301161003/tools/bin/../lib/gcc/arm-none-eabi/10.3.1/../../../../arm-none-eabi/lib/thumb/v7e-m+dp/hard\libc_nano.a(lib_a-mlock.o)
                0x000000000800f8e8                __malloc_unlock
 .text.__retarget_lock_acquire_recursive
                0x000000000800f8f4        0x2 c:/st/stm32cubeide_1.12.1/stm32cubeide/plugins/com.st.stm32cube.ide.mcu.externaltools.gnu-tools-for-stm32.10.3-2021.10.win32_1.0.200.202301161003/tools/bin/../lib/gcc/arm-none-eabi/10.3.1/../../../../arm-none-eabi/lib/thumb/v7e-m+dp/hard\libc_nano.a(lib_a-lock.o)
                0x000000000800f8f4                __retarget_lock_acquire_recursive
 .text.__retarget_lock_release_recursive
                0x000000000800f8f6        0x2 c:/st/stm32cubeide_1.12.1/stm32cubeide/plugins/com.st.stm32cube.ide.mcu.externaltools.gnu-tools-for-stm32.10.3-2021.10.win32_1.0.200.202301161003/tools/bin/../lib/gcc/arm-none-eabi/10.3.1/../../../../arm-none-eabi/lib/thumb/v7e-m+dp/hard\libc_nano.a(lib_a-lock.o)
                0x000000000800f8f6                __retarget_lock_release_recursive
 *(.glue_7)
 .glue_7        0x000000000800f8f8        0x0 linker stubs
 *(.glue_7t)
 .glue_7t       0x000000000800f8f8        0x0 linker stubs
 *(.eh_frame)
 .eh_frame      0x000000000800f8f8        0x0 c:/st/stm32cubeide_1.12.1/stm32cubeide/plugins/com.st.stm32cube.ide.mcu.externaltools.gnu-tools-for-stm32.10.3-2021.10.win32_1.0.200.202301161003/tools/bin/../lib/gcc/arm-none-eabi/10.3.1/thumb/v7e-m+dp/hard/crtbegin.o
 *(.init)
 .init          0x000000000800f8f8        0x4 c:/st/stm32cubeide_1.12.1/stm32cubeide/plugins/com.st.stm32cube.ide.mcu.externaltools.gnu-tools-for-stm32.10.3-2021.10.win32_1.0.200.202301161003/tools/bin/../lib/gcc/arm-none-eabi/10.3.1/thumb/v7e-m+dp/hard/crti.o
                0x000000000800f8f8                _init
 .init          0x000000000800f8fc        0x8 c:/st/stm32cubeide_1.12.1/stm32cubeide/plugins/com.st.stm32cube.ide.mcu.externaltools.gnu-tools-for-stm32.10.3-2021.10.win32_1.0.200.202301161003/tools/bin/../lib/gcc/arm-none-eabi/10.3.1/thumb/v7e-m+dp/hard/crtn.o
 *(.fini)
 .fini          0x000000000800f904        0x4 c:/st/stm32cubeide_1.12.1/stm32cubeide/plugins/com.st.stm32cube.ide.mcu.externaltools.gnu-tools-for-stm32.10.3-2021.10.win32_1.0.200.202301161003/tools/bin/../lib/gcc/arm-none-eabi/10.3.1/thumb/v7e-m+dp/hard/crti.o
                0x000000000800f904                _fini
 .fini          0x000000000800f908        0x8 c:/st/stm32cubeide_1.12.1/stm32cubeide/plugins/com.st.stm32cube.ide.mcu.externaltools.gnu-tools-for-stm32.10.3-2021.10.win32_1.0.200.202301161003/tools/bin/../lib/gcc/arm-none-eabi/10.3.1/thumb/v7e-m+dp/hard/crtn.o
                0x000000000800f910                . = ALIGN (0x4)
                0x000000000800f910                _etext = .

.vfp11_veneer   0x000000000800f910        0x0
 .vfp11_veneer  0x000000000800f910        0x0 linker stubs

.v4_bx          0x000000000800f910        0x0
 .v4_bx         0x000000000800f910        0x0 linker stubs

.iplt           0x000000000800f910        0x0
 .iplt          0x000000000800f910        0x0 c:/st/stm32cubeide_1.12.1/stm32cubeide/plugins/com.st.stm32cube.ide.mcu.externaltools.gnu-tools-for-stm32.10.3-2021.10.win32_1.0.200.202301161003/tools/bin/../lib/gcc/arm-none-eabi/10.3.1/thumb/v7e-m+dp/hard/crtbegin.o

.rodata         0x000000000800f910      0x4e8
                0x000000000800f910                . = ALIGN (0x4)
 *(.rodata)
 .rodata        0x000000000800f910        0xb ./Core/Src/audio_sd.o
 *fill*         0x000000000800f91b        0x1 
 .rodata        0x000000000800f91c       0x48 ./Middlewares/Third_Party/FatFs/ff.o
 *(.rodata*)
 .rodata.D1CorePrescTable
                0x000000000800f964       0x10 ./Common/Src/system_stm32h7xx_dualcore_boot_cm4_cm7.o
                0x000000000800f964                D1CorePrescTable
 .rodata.flagBitshiftOffset.0
                0x000000000800f974        0x8 ./Drivers/STM32H7xx_HAL_Driver/stm32h7xx_hal_dma.o
 .rodata.UARTPrescTable
                0x000000000800f97c       0x18 ./Drivers/STM32H7xx_HAL_Driver/stm32h7xx_hal_uart.o
                0x000000000800f97c                UARTPrescTable
 .rodata.numerator.1
                0x000000000800f994        0x8 ./Drivers/STM32H7xx_HAL_Driver/stm32h7xx_hal_uart_ex.o
 .rodata.denominator.0
                0x000000000800f99c        0x8 ./Drivers/STM32H7xx_HAL_Driver/stm32h7xx_hal_uart_ex.o
 .rodata.SD_Driver
                0x000000000800f9a4       0x14 ./FATFS/Target/sd_diskio.o
                0x000000000800f9a4                SD_Driver
 .rodata.Tbl    0x000000000800f9b8      0x100 ./Middlewares/Third_Party/FatFs/ccsbcs.o
 .rodata.cvt1.1
                0x000000000800fab8      0x1f2 ./Middlewares/Third_Party/FatFs/ccsbcs.o
 *fill*         0x000000000800fcaa        0x2 
 .rodata.cvt2.0
                0x000000000800fcac       0xbc ./Middlewares/Third_Party/FatFs/ccsbcs.o
 .rodata.ExCvt  0x000000000800fd68       0x80 ./Middlewares/Third_Party/FatFs/ff.o
 .rodata.LfnOfs
                0x000000000800fde8        0xd ./Middlewares/Third_Party/FatFs/ff.o
                0x000000000800fdf8                . = ALIGN (0x4)
 *fill*         0x000000000800fdf5        0x3 

.ARM.extab      0x000000000800fdf8        0x0
                0x000000000800fdf8                . = ALIGN (0x4)
 *(.ARM.extab* .gnu.linkonce.armextab.*)
                0x000000000800fdf8                . = ALIGN (0x4)

.ARM            0x000000000800fdf8        0x8
                0x000000000800fdf8                . = ALIGN (0x4)
                0x000000000800fdf8                __exidx_start = .
 *(.ARM.exidx*)
 .ARM.exidx     0x000000000800fdf8        0x8 c:/st/stm32cubeide_1.12.1/stm32cubeide/plugins/com.st.stm32cube.ide.mcu.externaltools.gnu-tools-for-stm32.10.3-2021.10.win32_1.0.200.202301161003/tools/bin/../lib/gcc/arm-none-eabi/10.3.1/thumb/v7e-m+dp/hard\libgcc.a(_udivmoddi4.o)
                0x000000000800fe00                __exidx_end = .
                0x000000000800fe00                . = ALIGN (0x4)

.rel.dyn        0x000000000800fe00        0x0
 .rel.iplt      0x000000000800fe00        0x0 c:/st/stm32cubeide_1.12.1/stm32cubeide/plugins/com.st.stm32cube.ide.mcu.externaltools.gnu-tools-for-stm32.10.3-2021.10.win32_1.0.200.202301161003/tools/bin/../lib/gcc/arm-none-eabi/10.3.1/thumb/v7e-m+dp/hard/crtbegin.o

.preinit_array  0x000000000800fe00        0x0
                0x000000000800fe00                . = ALIGN (0x4)
                0x000000000800fe00                PROVIDE (__preinit_array_start = .)
 *(.preinit_array*)
                0x000000000800fe00                PROVIDE (__preinit_array_end = .)
                0x000000000800fe00                . = ALIGN (0x4)

.init_array     0x000000000800fe00        0x4
                0x000000000800fe00                . = ALIGN (0x4)
                0x000000000800fe00                PROVIDE (__init_array_start = .)
 *(SORT_BY_NAME(.init_array.*))
 *(.init_array*)
 .init_array    0x000000000800fe00        0x4 c:/st/stm32cubeide_1.12.1/stm32cubeide/plugins/com.st.stm32cube.ide.mcu.externaltools.gnu-tools-for-stm32.10.3-2021.10.win32_1.0.200.202301161003/tools/bin/../lib/gcc/arm-none-eabi/10.3.1/thumb/v7e-m+dp/hard/crtbegin.o
                0x000000000800fe04                PROVIDE (__init_array_end = .)
                0x000000000800fe04                . = ALIGN (0x4)

.fini_array     0x000000000800fe04        0x4
                0x000000000800fe04                . = ALIGN (0x4)
                [!provide]                        PROVIDE (__fini_array_start = .)
 *(SORT_BY_NAME(.fini_array.*))
 *(.fini_array*)
 .fini_array    0x000000000800fe04        0x4 c:/st/stm32cubeide_1.12.1/stm32cubeide/plugins/com.st.stm32cube.ide.mcu.externaltools.gnu-tools-for-stm32.10.3-2021.10.win32_1.0.200.202301161003/tools/bin/../lib/gcc/arm-none-eabi/10.3.1/thumb/v7e-m+dp/hard/crtbegin.o
                [!provide]                        PROVIDE (__fini_array_end = .)
                0x000000000800fe08                . = ALIGN (0x4)
                0x000000000800fe08                _sidata = LOADADDR (.data)

.data           0x0000000024000000       0xac load address 0x000000000800fe08
                0x0000000024000000                . = ALIGN (0x4)
                0x0000000024000000                _sdata = .
 *(.data)
 *(.data*)
 .data.SystemCoreClock
                0x0000000024000000        0x4 ./Common/Src/system_stm32h7xx_dualcore_boot_cm4_cm7.o
                0x0000000024000000                SystemCoreClock
 .data.SystemD2Clock
                0x0000000024000004        0x4 ./Common/Src/system_stm32h7xx_dualcore_boot_cm4_cm7.o
                0x0000000024000004                SystemD2Clock
 .data.wav_file_header
                0x0000000024000008       0x2c ./Core/Src/audio_sd.o
 .data.file_name.0
                0x0000000024000034        0x9 ./Core/Src/audio_sd.o
 *fill*         0x000000002400003d        0x3 
 .data.uwTickPrio
                0x0000000024000040        0x4 ./Drivers/STM32H7xx_HAL_Driver/stm32h7xx_hal.o
                0x0000000024000040                uwTickPrio
 .data.uwTickFreq
                0x0000000024000044        0x1 ./Drivers/STM32H7xx_HAL_Driver/stm32h7xx_hal.o
                0x0000000024000044                uwTickFreq
 .data.Stat     0x0000000024000045        0x1 ./FATFS/Target/sd_diskio.o
 *fill*         0x0000000024000046        0x2 
 .data._impure_ptr
                0x0000000024000048        0x4 c:/st/stm32cubeide_1.12.1/stm32cubeide/plugins/com.st.stm32cube.ide.mcu.externaltools.gnu-tools-for-stm32.10.3-2021.10.win32_1.0.200.202301161003/tools/bin/../lib/gcc/arm-none-eabi/10.3.1/../../../../arm-none-eabi/lib/thumb/v7e-m+dp/hard\libc_nano.a(lib_a-impure.o)
                0x0000000024000048                _impure_ptr
 .data.impure_data
                0x000000002400004c       0x60 c:/st/stm32cubeide_1.12.1/stm32cubeide/plugins/com.st.stm32cube.ide.mcu.externaltools.gnu-tools-for-stm32.10.3-2021.10.win32_1.0.200.202301161003/tools/bin/../lib/gcc/arm-none-eabi/10.3.1/../../../../arm-none-eabi/lib/thumb/v7e-m+dp/hard\libc_nano.a(lib_a-impure.o)
 *(.RamFunc)
 *(.RamFunc*)
                0x00000000240000ac                . = ALIGN (0x4)
                0x00000000240000ac                _edata = .

.igot.plt       0x00000000240000ac        0x0 load address 0x000000000800feb4
 .igot.plt      0x00000000240000ac        0x0 c:/st/stm32cubeide_1.12.1/stm32cubeide/plugins/com.st.stm32cube.ide.mcu.externaltools.gnu-tools-for-stm32.10.3-2021.10.win32_1.0.200.202301161003/tools/bin/../lib/gcc/arm-none-eabi/10.3.1/thumb/v7e-m+dp/hard/crtbegin.o
                0x00000000240000ac                . = ALIGN (0x4)

.bss            0x00000000240000ac     0x1744 load address 0x000000000800feb4
                0x00000000240000ac                _sbss = .
                0x00000000240000ac                __bss_start__ = _sbss
 *(.bss)
 .bss           0x00000000240000ac       0x1c c:/st/stm32cubeide_1.12.1/stm32cubeide/plugins/com.st.stm32cube.ide.mcu.externaltools.gnu-tools-for-stm32.10.3-2021.10.win32_1.0.200.202301161003/tools/bin/../lib/gcc/arm-none-eabi/10.3.1/thumb/v7e-m+dp/hard/crtbegin.o
 *(.bss*)
 .bss.sd_result
                0x00000000240000c8        0x1 ./Core/Src/audio_sd.o
 *fill*         0x00000000240000c9        0x3 
 .bss.sdCard    0x00000000240000cc      0x234 ./Core/Src/audio_sd.o
 .bss.wavFile   0x0000000024000300      0x230 ./Core/Src/audio_sd.o
 .bss.wav_file_size
                0x0000000024000530        0x4 ./Core/Src/audio_sd.o
 .bss.first_time
                0x0000000024000534        0x1 ./Core/Src/audio_sd.o
 .bss.first_play
                0x0000000024000535        0x1 ./Core/Src/audio_sd.o
 *fill*         0x0000000024000536        0x2 
 .bss.hi2s1     0x0000000024000538       0x54 ./Core/Src/main.o
                0x0000000024000538                hi2s1
 .bss.hdma_spi1_tx
                0x000000002400058c       0x78 ./Core/Src/main.o
                0x000000002400058c                hdma_spi1_tx
 .bss.hdma_spi1_rx
                0x0000000024000604       0x78 ./Core/Src/main.o
                0x0000000024000604                hdma_spi1_rx
 .bss.hsd1      0x000000002400067c       0x7c ./Core/Src/main.o
                0x000000002400067c                hsd1
 .bss.huart1    0x00000000240006f8       0x94 ./Core/Src/main.o
                0x00000000240006f8                huart1
 .bss.recordBtnPressed
                0x000000002400078c        0x1 ./Core/Src/main.o
                0x000000002400078c                recordBtnPressed
 .bss.recordBtnPrevState
                0x000000002400078d        0x1 ./Core/Src/main.o
                0x000000002400078d                recordBtnPrevState
 .bss.recordBtnState
                0x000000002400078e        0x2 ./Core/Src/main.o
                0x000000002400078e                recordBtnState
 .bss.playBtnPressed
                0x0000000024000790        0x1 ./Core/Src/main.o
                0x0000000024000790                playBtnPressed
 .bss.playBtnPrevState
                0x0000000024000791        0x1 ./Core/Src/main.o
                0x0000000024000791                playBtnPrevState
 .bss.playBtnState
                0x0000000024000792        0x2 ./Core/Src/main.o
                0x0000000024000792                playBtnState
 .bss.data_i2s  0x0000000024000794     0x1000 ./Core/Src/main.o
                0x0000000024000794                data_i2s
 .bss.half_i2s  0x0000000024001794        0x1 ./Core/Src/main.o
                0x0000000024001794                half_i2s
 .bss.full_i2s  0x0000000024001795        0x1 ./Core/Src/main.o
                0x0000000024001795                full_i2s
 .bss.recordWAV_File
                0x0000000024001796        0x1 ./Core/Src/main.o
                0x0000000024001796                recordWAV_File
 .bss.playWAV_File
                0x0000000024001797        0x1 ./Core/Src/main.o
                0x0000000024001797                playWAV_File
 .bss.endOfWavFile
                0x0000000024001798        0x1 ./Core/Src/main.o
                0x0000000024001798                endOfWavFile
 .bss.full_i2s_tx
                0x0000000024001799        0x1 ./Core/Src/main.o
                0x0000000024001799                full_i2s_tx
 .bss.half_i2s_tx
                0x000000002400179a        0x1 ./Core/Src/main.o
                0x000000002400179a                half_i2s_tx
 *fill*         0x000000002400179b        0x1 
 .bss.__sbrk_heap_end
                0x000000002400179c        0x4 ./Core/Src/sysmem.o
 .bss.uwTick    0x00000000240017a0        0x4 ./Drivers/STM32H7xx_HAL_Driver/stm32h7xx_hal.o
                0x00000000240017a0                uwTick
 .bss.retSD     0x00000000240017a4        0x1 ./FATFS/App/fatfs.o
                0x00000000240017a4                retSD
 *fill*         0x00000000240017a5        0x3 
 .bss.SDPath    0x00000000240017a8        0x4 ./FATFS/App/fatfs.o
                0x00000000240017a8                SDPath
 .bss.FatFs     0x00000000240017ac        0x4 ./Middlewares/Third_Party/FatFs/ff.o
 .bss.Fsid      0x00000000240017b0        0x2 ./Middlewares/Third_Party/FatFs/ff.o
 *fill*         0x00000000240017b2        0x2 
 .bss.Files     0x00000000240017b4       0x20 ./Middlewares/Third_Party/FatFs/ff.o
 .bss.disk      0x00000000240017d4        0xc ./Middlewares/Third_Party/FatFs/ff_gen_drv.o
                0x00000000240017d4                disk
 .bss.__malloc_free_list
                0x00000000240017e0        0x4 c:/st/stm32cubeide_1.12.1/stm32cubeide/plugins/com.st.stm32cube.ide.mcu.externaltools.gnu-tools-for-stm32.10.3-2021.10.win32_1.0.200.202301161003/tools/bin/../lib/gcc/arm-none-eabi/10.3.1/../../../../arm-none-eabi/lib/thumb/v7e-m+dp/hard\libc_nano.a(lib_a-nano-mallocr.o)
                0x00000000240017e0                __malloc_free_list
 .bss.__malloc_sbrk_start
                0x00000000240017e4        0x4 c:/st/stm32cubeide_1.12.1/stm32cubeide/plugins/com.st.stm32cube.ide.mcu.externaltools.gnu-tools-for-stm32.10.3-2021.10.win32_1.0.200.202301161003/tools/bin/../lib/gcc/arm-none-eabi/10.3.1/../../../../arm-none-eabi/lib/thumb/v7e-m+dp/hard\libc_nano.a(lib_a-nano-mallocr.o)
                0x00000000240017e4                __malloc_sbrk_start
 .bss.errno     0x00000000240017e8        0x4 c:/st/stm32cubeide_1.12.1/stm32cubeide/plugins/com.st.stm32cube.ide.mcu.externaltools.gnu-tools-for-stm32.10.3-2021.10.win32_1.0.200.202301161003/tools/bin/../lib/gcc/arm-none-eabi/10.3.1/../../../../arm-none-eabi/lib/thumb/v7e-m+dp/hard\libc_nano.a(lib_a-reent.o)
                0x00000000240017e8                errno
 .bss.__lock___malloc_recursive_mutex
                0x00000000240017ec        0x1 c:/st/stm32cubeide_1.12.1/stm32cubeide/plugins/com.st.stm32cube.ide.mcu.externaltools.gnu-tools-for-stm32.10.3-2021.10.win32_1.0.200.202301161003/tools/bin/../lib/gcc/arm-none-eabi/10.3.1/../../../../arm-none-eabi/lib/thumb/v7e-m+dp/hard\libc_nano.a(lib_a-lock.o)
                0x00000000240017ec                __lock___malloc_recursive_mutex
 *(COMMON)
                0x00000000240017f0                . = ALIGN (0x4)
 *fill*         0x00000000240017ed        0x3 
                0x00000000240017f0                _ebss = .
                0x00000000240017f0                __bss_end__ = _ebss

._user_heap_stack
                0x00000000240017f0      0x600 load address 0x000000000800feb4
                0x00000000240017f0                . = ALIGN (0x8)
                [!provide]                        PROVIDE (end = .)
                0x00000000240017f0                PROVIDE (_end = .)
                0x00000000240019f0                . = (. + _Min_Heap_Size)
 *fill*         0x00000000240017f0      0x200 
                0x0000000024001df0                . = (. + _Min_Stack_Size)
 *fill*         0x00000000240019f0      0x400 
                0x0000000024001df0                . = ALIGN (0x8)

/DISCARD/
 libc.a(*)
 libm.a(*)
 libgcc.a(*)

.ARM.attributes
                0x0000000000000000       0x2e
 *(.ARM.attributes)
 .ARM.attributes
                0x0000000000000000       0x1e c:/st/stm32cubeide_1.12.1/stm32cubeide/plugins/com.st.stm32cube.ide.mcu.externaltools.gnu-tools-for-stm32.10.3-2021.10.win32_1.0.200.202301161003/tools/bin/../lib/gcc/arm-none-eabi/10.3.1/thumb/v7e-m+dp/hard/crti.o
 .ARM.attributes
                0x000000000000001e       0x32 c:/st/stm32cubeide_1.12.1/stm32cubeide/plugins/com.st.stm32cube.ide.mcu.externaltools.gnu-tools-for-stm32.10.3-2021.10.win32_1.0.200.202301161003/tools/bin/../lib/gcc/arm-none-eabi/10.3.1/thumb/v7e-m+dp/hard/crtbegin.o
 .ARM.attributes
                0x0000000000000050       0x32 ./Common/Src/system_stm32h7xx_dualcore_boot_cm4_cm7.o
 .ARM.attributes
                0x0000000000000082       0x32 ./Core/Src/audio_sd.o
 .ARM.attributes
                0x00000000000000b4       0x32 ./Core/Src/main.o
 .ARM.attributes
                0x00000000000000e6       0x32 ./Core/Src/stm32h7xx_hal_msp.o
 .ARM.attributes
                0x0000000000000118       0x32 ./Core/Src/stm32h7xx_it.o
 .ARM.attributes
                0x000000000000014a       0x32 ./Core/Src/sysmem.o
 .ARM.attributes
                0x000000000000017c       0x21 ./Core/Startup/startup_stm32h747xihx.o
 .ARM.attributes
                0x000000000000019d       0x32 ./Drivers/STM32H7xx_HAL_Driver/stm32h7xx_hal.o
 .ARM.attributes
                0x00000000000001cf       0x32 ./Drivers/STM32H7xx_HAL_Driver/stm32h7xx_hal_cortex.o
 .ARM.attributes
                0x0000000000000201       0x32 ./Drivers/STM32H7xx_HAL_Driver/stm32h7xx_hal_dma.o
 .ARM.attributes
                0x0000000000000233       0x32 ./Drivers/STM32H7xx_HAL_Driver/stm32h7xx_hal_gpio.o
 .ARM.attributes
                0x0000000000000265       0x32 ./Drivers/STM32H7xx_HAL_Driver/stm32h7xx_hal_hsem.o
 .ARM.attributes
                0x0000000000000297       0x32 ./Drivers/STM32H7xx_HAL_Driver/stm32h7xx_hal_i2s.o
 .ARM.attributes
                0x00000000000002c9       0x32 ./Drivers/STM32H7xx_HAL_Driver/stm32h7xx_hal_pwr_ex.o
 .ARM.attributes
                0x00000000000002fb       0x32 ./Drivers/STM32H7xx_HAL_Driver/stm32h7xx_hal_rcc.o
 .ARM.attributes
                0x000000000000032d       0x32 ./Drivers/STM32H7xx_HAL_Driver/stm32h7xx_hal_rcc_ex.o
 .ARM.attributes
                0x000000000000035f       0x32 ./Drivers/STM32H7xx_HAL_Driver/stm32h7xx_hal_sd.o
 .ARM.attributes
                0x0000000000000391       0x32 ./Drivers/STM32H7xx_HAL_Driver/stm32h7xx_hal_uart.o
 .ARM.attributes
                0x00000000000003c3       0x32 ./Drivers/STM32H7xx_HAL_Driver/stm32h7xx_hal_uart_ex.o
 .ARM.attributes
                0x00000000000003f5       0x32 ./Drivers/STM32H7xx_HAL_Driver/stm32h7xx_ll_sdmmc.o
 .ARM.attributes
                0x0000000000000427       0x32 ./FATFS/App/fatfs.o
 .ARM.attributes
                0x0000000000000459       0x32 ./FATFS/Target/bsp_driver_sd.o
 .ARM.attributes
                0x000000000000048b       0x32 ./FATFS/Target/fatfs_platform.o
 .ARM.attributes
                0x00000000000004bd       0x32 ./FATFS/Target/sd_diskio.o
 .ARM.attributes
                0x00000000000004ef       0x32 ./Middlewares/Third_Party/FatFs/ccsbcs.o
 .ARM.attributes
                0x0000000000000521       0x32 ./Middlewares/Third_Party/FatFs/diskio.o
 .ARM.attributes
                0x0000000000000553       0x32 ./Middlewares/Third_Party/FatFs/ff.o
 .ARM.attributes
                0x0000000000000585       0x32 ./Middlewares/Third_Party/FatFs/ff_gen_drv.o
 .ARM.attributes
                0x00000000000005b7       0x32 ./Middlewares/Third_Party/FatFs/syscall.o
 .ARM.attributes
                0x00000000000005e9       0x32 c:/st/stm32cubeide_1.12.1/stm32cubeide/plugins/com.st.stm32cube.ide.mcu.externaltools.gnu-tools-for-stm32.10.3-2021.10.win32_1.0.200.202301161003/tools/bin/../lib/gcc/arm-none-eabi/10.3.1/../../../../arm-none-eabi/lib/thumb/v7e-m+dp/hard\libc_nano.a(lib_a-errno.o)
 .ARM.attributes
                0x000000000000061b       0x32 c:/st/stm32cubeide_1.12.1/stm32cubeide/plugins/com.st.stm32cube.ide.mcu.externaltools.gnu-tools-for-stm32.10.3-2021.10.win32_1.0.200.202301161003/tools/bin/../lib/gcc/arm-none-eabi/10.3.1/../../../../arm-none-eabi/lib/thumb/v7e-m+dp/hard\libc_nano.a(lib_a-impure.o)
 .ARM.attributes
                0x000000000000064d       0x32 c:/st/stm32cubeide_1.12.1/stm32cubeide/plugins/com.st.stm32cube.ide.mcu.externaltools.gnu-tools-for-stm32.10.3-2021.10.win32_1.0.200.202301161003/tools/bin/../lib/gcc/arm-none-eabi/10.3.1/../../../../arm-none-eabi/lib/thumb/v7e-m+dp/hard\libc_nano.a(lib_a-init.o)
 .ARM.attributes
                0x000000000000067f       0x32 c:/st/stm32cubeide_1.12.1/stm32cubeide/plugins/com.st.stm32cube.ide.mcu.externaltools.gnu-tools-for-stm32.10.3-2021.10.win32_1.0.200.202301161003/tools/bin/../lib/gcc/arm-none-eabi/10.3.1/../../../../arm-none-eabi/lib/thumb/v7e-m+dp/hard\libc_nano.a(lib_a-malloc.o)
 .ARM.attributes
                0x00000000000006b1       0x32 c:/st/stm32cubeide_1.12.1/stm32cubeide/plugins/com.st.stm32cube.ide.mcu.externaltools.gnu-tools-for-stm32.10.3-2021.10.win32_1.0.200.202301161003/tools/bin/../lib/gcc/arm-none-eabi/10.3.1/../../../../arm-none-eabi/lib/thumb/v7e-m+dp/hard\libc_nano.a(lib_a-memset.o)
 .ARM.attributes
                0x00000000000006e3       0x32 c:/st/stm32cubeide_1.12.1/stm32cubeide/plugins/com.st.stm32cube.ide.mcu.externaltools.gnu-tools-for-stm32.10.3-2021.10.win32_1.0.200.202301161003/tools/bin/../lib/gcc/arm-none-eabi/10.3.1/../../../../arm-none-eabi/lib/thumb/v7e-m+dp/hard\libc_nano.a(lib_a-nano-freer.o)
 .ARM.attributes
                0x0000000000000715       0x32 c:/st/stm32cubeide_1.12.1/stm32cubeide/plugins/com.st.stm32cube.ide.mcu.externaltools.gnu-tools-for-stm32.10.3-2021.10.win32_1.0.200.202301161003/tools/bin/../lib/gcc/arm-none-eabi/10.3.1/../../../../arm-none-eabi/lib/thumb/v7e-m+dp/hard\libc_nano.a(lib_a-nano-mallocr.o)
 .ARM.attributes
                0x0000000000000747       0x32 c:/st/stm32cubeide_1.12.1/stm32cubeide/plugins/com.st.stm32cube.ide.mcu.externaltools.gnu-tools-for-stm32.10.3-2021.10.win32_1.0.200.202301161003/tools/bin/../lib/gcc/arm-none-eabi/10.3.1/../../../../arm-none-eabi/lib/thumb/v7e-m+dp/hard\libc_nano.a(lib_a-sbrkr.o)
 .ARM.attributes
                0x0000000000000779       0x32 c:/st/stm32cubeide_1.12.1/stm32cubeide/plugins/com.st.stm32cube.ide.mcu.externaltools.gnu-tools-for-stm32.10.3-2021.10.win32_1.0.200.202301161003/tools/bin/../lib/gcc/arm-none-eabi/10.3.1/../../../../arm-none-eabi/lib/thumb/v7e-m+dp/hard\libc_nano.a(lib_a-mlock.o)
 .ARM.attributes
                0x00000000000007ab       0x32 c:/st/stm32cubeide_1.12.1/stm32cubeide/plugins/com.st.stm32cube.ide.mcu.externaltools.gnu-tools-for-stm32.10.3-2021.10.win32_1.0.200.202301161003/tools/bin/../lib/gcc/arm-none-eabi/10.3.1/../../../../arm-none-eabi/lib/thumb/v7e-m+dp/hard\libc_nano.a(lib_a-reent.o)
 .ARM.attributes
                0x00000000000007dd       0x32 c:/st/stm32cubeide_1.12.1/stm32cubeide/plugins/com.st.stm32cube.ide.mcu.externaltools.gnu-tools-for-stm32.10.3-2021.10.win32_1.0.200.202301161003/tools/bin/../lib/gcc/arm-none-eabi/10.3.1/../../../../arm-none-eabi/lib/thumb/v7e-m+dp/hard\libc_nano.a(lib_a-lock.o)
 .ARM.attributes
                0x000000000000080f       0x1e c:/st/stm32cubeide_1.12.1/stm32cubeide/plugins/com.st.stm32cube.ide.mcu.externaltools.gnu-tools-for-stm32.10.3-2021.10.win32_1.0.200.202301161003/tools/bin/../lib/gcc/arm-none-eabi/10.3.1/thumb/v7e-m+dp/hard\libgcc.a(_aeabi_uldivmod.o)
 .ARM.attributes
                0x000000000000082d       0x32 c:/st/stm32cubeide_1.12.1/stm32cubeide/plugins/com.st.stm32cube.ide.mcu.externaltools.gnu-tools-for-stm32.10.3-2021.10.win32_1.0.200.202301161003/tools/bin/../lib/gcc/arm-none-eabi/10.3.1/thumb/v7e-m+dp/hard\libgcc.a(_udivmoddi4.o)
 .ARM.attributes
                0x000000000000085f       0x1e c:/st/stm32cubeide_1.12.1/stm32cubeide/plugins/com.st.stm32cube.ide.mcu.externaltools.gnu-tools-for-stm32.10.3-2021.10.win32_1.0.200.202301161003/tools/bin/../lib/gcc/arm-none-eabi/10.3.1/thumb/v7e-m+dp/hard\libgcc.a(_dvmd_tls.o)
 .ARM.attributes
                0x000000000000087d       0x1e c:/st/stm32cubeide_1.12.1/stm32cubeide/plugins/com.st.stm32cube.ide.mcu.externaltools.gnu-tools-for-stm32.10.3-2021.10.win32_1.0.200.202301161003/tools/bin/../lib/gcc/arm-none-eabi/10.3.1/thumb/v7e-m+dp/hard/crtn.o
OUTPUT(stm32h7disco-i2s-baremetal_CM7.elf elf32-littlearm)
LOAD linker stubs
LOAD c:/st/stm32cubeide_1.12.1/stm32cubeide/plugins/com.st.stm32cube.ide.mcu.externaltools.gnu-tools-for-stm32.10.3-2021.10.win32_1.0.200.202301161003/tools/bin/../lib/gcc/arm-none-eabi/10.3.1/../../../../arm-none-eabi/lib/thumb/v7e-m+dp/hard\libc.a
LOAD c:/st/stm32cubeide_1.12.1/stm32cubeide/plugins/com.st.stm32cube.ide.mcu.externaltools.gnu-tools-for-stm32.10.3-2021.10.win32_1.0.200.202301161003/tools/bin/../lib/gcc/arm-none-eabi/10.3.1/../../../../arm-none-eabi/lib/thumb/v7e-m+dp/hard\libm.a
LOAD c:/st/stm32cubeide_1.12.1/stm32cubeide/plugins/com.st.stm32cube.ide.mcu.externaltools.gnu-tools-for-stm32.10.3-2021.10.win32_1.0.200.202301161003/tools/bin/../lib/gcc/arm-none-eabi/10.3.1/thumb/v7e-m+dp/hard\libgcc.a

.debug_info     0x0000000000000000    0x1c1e7
 .debug_info    0x0000000000000000      0xdca ./Common/Src/system_stm32h7xx_dualcore_boot_cm4_cm7.o
 .debug_info    0x0000000000000dca      0x6eb ./Core/Src/audio_sd.o
 .debug_info    0x00000000000014b5     0x235b ./Core/Src/main.o
 .debug_info    0x0000000000003810     0x19e0 ./Core/Src/stm32h7xx_hal_msp.o
 .debug_info    0x00000000000051f0      0x7e7 ./Core/Src/stm32h7xx_it.o
 .debug_info    0x00000000000059d7      0x171 ./Core/Src/sysmem.o
 .debug_info    0x0000000000005b48       0x22 ./Core/Startup/startup_stm32h747xihx.o
 .debug_info    0x0000000000005b6a     0x182c ./Drivers/STM32H7xx_HAL_Driver/stm32h7xx_hal.o
 .debug_info    0x0000000000007396     0x1191 ./Drivers/STM32H7xx_HAL_Driver/stm32h7xx_hal_cortex.o
 .debug_info    0x0000000000008527      0xce8 ./Drivers/STM32H7xx_HAL_Driver/stm32h7xx_hal_dma.o
 .debug_info    0x000000000000920f      0xde0 ./Drivers/STM32H7xx_HAL_Driver/stm32h7xx_hal_gpio.o
 .debug_info    0x0000000000009fef      0x3fd ./Drivers/STM32H7xx_HAL_Driver/stm32h7xx_hal_hsem.o
 .debug_info    0x000000000000a3ec     0x11ed ./Drivers/STM32H7xx_HAL_Driver/stm32h7xx_hal_i2s.o
 .debug_info    0x000000000000b5d9     0x12c2 ./Drivers/STM32H7xx_HAL_Driver/stm32h7xx_hal_pwr_ex.o
 .debug_info    0x000000000000c89b      0xf48 ./Drivers/STM32H7xx_HAL_Driver/stm32h7xx_hal_rcc.o
 .debug_info    0x000000000000d7e3     0x13c6 ./Drivers/STM32H7xx_HAL_Driver/stm32h7xx_hal_rcc_ex.o
 .debug_info    0x000000000000eba9     0x1b97 ./Drivers/STM32H7xx_HAL_Driver/stm32h7xx_hal_sd.o
 .debug_info    0x0000000000010740     0x4dca ./Drivers/STM32H7xx_HAL_Driver/stm32h7xx_hal_uart.o
 .debug_info    0x000000000001550a     0x105a ./Drivers/STM32H7xx_HAL_Driver/stm32h7xx_hal_uart_ex.o
 .debug_info    0x0000000000016564     0x1315 ./Drivers/STM32H7xx_HAL_Driver/stm32h7xx_ll_sdmmc.o
 .debug_info    0x0000000000017879      0x53f ./FATFS/App/fatfs.o
 .debug_info    0x0000000000017db8      0x963 ./FATFS/Target/bsp_driver_sd.o
 .debug_info    0x000000000001871b      0x1f3 ./FATFS/Target/fatfs_platform.o
 .debug_info    0x000000000001890e      0x504 ./FATFS/Target/sd_diskio.o
 .debug_info    0x0000000000018e12      0x1ec ./Middlewares/Third_Party/FatFs/ccsbcs.o
 .debug_info    0x0000000000018ffe      0x420 ./Middlewares/Third_Party/FatFs/diskio.o
 .debug_info    0x000000000001941e     0x28e0 ./Middlewares/Third_Party/FatFs/ff.o
 .debug_info    0x000000000001bcfe      0x3cf ./Middlewares/Third_Party/FatFs/ff_gen_drv.o
 .debug_info    0x000000000001c0cd      0x11a ./Middlewares/Third_Party/FatFs/syscall.o

.debug_abbrev   0x0000000000000000     0x382d
 .debug_abbrev  0x0000000000000000      0x147 ./Common/Src/system_stm32h7xx_dualcore_boot_cm4_cm7.o
 .debug_abbrev  0x0000000000000147      0x1ce ./Core/Src/audio_sd.o
 .debug_abbrev  0x0000000000000315      0x313 ./Core/Src/main.o
 .debug_abbrev  0x0000000000000628      0x26d ./Core/Src/stm32h7xx_hal_msp.o
 .debug_abbrev  0x0000000000000895      0x178 ./Core/Src/stm32h7xx_it.o
 .debug_abbrev  0x0000000000000a0d       0xbb ./Core/Src/sysmem.o
 .debug_abbrev  0x0000000000000ac8       0x12 ./Core/Startup/startup_stm32h747xihx.o
 .debug_abbrev  0x0000000000000ada      0x289 ./Drivers/STM32H7xx_HAL_Driver/stm32h7xx_hal.o
 .debug_abbrev  0x0000000000000d63      0x329 ./Drivers/STM32H7xx_HAL_Driver/stm32h7xx_hal_cortex.o
 .debug_abbrev  0x000000000000108c      0x239 ./Drivers/STM32H7xx_HAL_Driver/stm32h7xx_hal_dma.o
 .debug_abbrev  0x00000000000012c5      0x1ec ./Drivers/STM32H7xx_HAL_Driver/stm32h7xx_hal_gpio.o
 .debug_abbrev  0x00000000000014b1      0x1d0 ./Drivers/STM32H7xx_HAL_Driver/stm32h7xx_hal_hsem.o
 .debug_abbrev  0x0000000000001681      0x237 ./Drivers/STM32H7xx_HAL_Driver/stm32h7xx_hal_i2s.o
 .debug_abbrev  0x00000000000018b8      0x2bc ./Drivers/STM32H7xx_HAL_Driver/stm32h7xx_hal_pwr_ex.o
 .debug_abbrev  0x0000000000001b74      0x2b8 ./Drivers/STM32H7xx_HAL_Driver/stm32h7xx_hal_rcc.o
 .debug_abbrev  0x0000000000001e2c      0x25c ./Drivers/STM32H7xx_HAL_Driver/stm32h7xx_hal_rcc_ex.o
 .debug_abbrev  0x0000000000002088      0x25e ./Drivers/STM32H7xx_HAL_Driver/stm32h7xx_hal_sd.o
 .debug_abbrev  0x00000000000022e6      0x325 ./Drivers/STM32H7xx_HAL_Driver/stm32h7xx_hal_uart.o
 .debug_abbrev  0x000000000000260b      0x2bd ./Drivers/STM32H7xx_HAL_Driver/stm32h7xx_hal_uart_ex.o
 .debug_abbrev  0x00000000000028c8      0x1fd ./Drivers/STM32H7xx_HAL_Driver/stm32h7xx_ll_sdmmc.o
 .debug_abbrev  0x0000000000002ac5      0x15a ./FATFS/App/fatfs.o
 .debug_abbrev  0x0000000000002c1f      0x253 ./FATFS/Target/bsp_driver_sd.o
 .debug_abbrev  0x0000000000002e72      0x105 ./FATFS/Target/fatfs_platform.o
 .debug_abbrev  0x0000000000002f77      0x187 ./FATFS/Target/sd_diskio.o
 .debug_abbrev  0x00000000000030fe       0xdc ./Middlewares/Third_Party/FatFs/ccsbcs.o
 .debug_abbrev  0x00000000000031da      0x178 ./Middlewares/Third_Party/FatFs/diskio.o
 .debug_abbrev  0x0000000000003352      0x286 ./Middlewares/Third_Party/FatFs/ff.o
 .debug_abbrev  0x00000000000035d8      0x196 ./Middlewares/Third_Party/FatFs/ff_gen_drv.o
 .debug_abbrev  0x000000000000376e       0xbf ./Middlewares/Third_Party/FatFs/syscall.o

.debug_aranges  0x0000000000000000     0x14e0
 .debug_aranges
                0x0000000000000000       0x28 ./Common/Src/system_stm32h7xx_dualcore_boot_cm4_cm7.o
 .debug_aranges
                0x0000000000000028       0x40 ./Core/Src/audio_sd.o
 .debug_aranges
                0x0000000000000068       0x80 ./Core/Src/main.o
 .debug_aranges
                0x00000000000000e8       0x50 ./Core/Src/stm32h7xx_hal_msp.o
 .debug_aranges
                0x0000000000000138       0x68 ./Core/Src/stm32h7xx_it.o
 .debug_aranges
                0x00000000000001a0       0x20 ./Core/Src/sysmem.o
 .debug_aranges
                0x00000000000001c0       0x28 ./Core/Startup/startup_stm32h747xihx.o
 .debug_aranges
                0x00000000000001e8      0x200 ./Drivers/STM32H7xx_HAL_Driver/stm32h7xx_hal.o
 .debug_aranges
                0x00000000000003e8      0x120 ./Drivers/STM32H7xx_HAL_Driver/stm32h7xx_hal_cortex.o
 .debug_aranges
                0x0000000000000508       0xa0 ./Drivers/STM32H7xx_HAL_Driver/stm32h7xx_hal_dma.o
 .debug_aranges
                0x00000000000005a8       0x58 ./Drivers/STM32H7xx_HAL_Driver/stm32h7xx_hal_gpio.o
 .debug_aranges
                0x0000000000000600       0x70 ./Drivers/STM32H7xx_HAL_Driver/stm32h7xx_hal_hsem.o
 .debug_aranges
                0x0000000000000670      0x148 ./Drivers/STM32H7xx_HAL_Driver/stm32h7xx_hal_i2s.o
 .debug_aranges
                0x00000000000007b8      0x170 ./Drivers/STM32H7xx_HAL_Driver/stm32h7xx_hal_pwr_ex.o
 .debug_aranges
                0x0000000000000928       0x88 ./Drivers/STM32H7xx_HAL_Driver/stm32h7xx_hal_rcc.o
 .debug_aranges
                0x00000000000009b0      0x100 ./Drivers/STM32H7xx_HAL_Driver/stm32h7xx_hal_rcc_ex.o
 .debug_aranges
                0x0000000000000ab0      0x170 ./Drivers/STM32H7xx_HAL_Driver/stm32h7xx_hal_sd.o
 .debug_aranges
                0x0000000000000c20      0x248 ./Drivers/STM32H7xx_HAL_Driver/stm32h7xx_hal_uart.o
 .debug_aranges
                0x0000000000000e68       0xa8 ./Drivers/STM32H7xx_HAL_Driver/stm32h7xx_hal_uart_ex.o
 .debug_aranges
                0x0000000000000f10      0x1a0 ./Drivers/STM32H7xx_HAL_Driver/stm32h7xx_ll_sdmmc.o
 .debug_aranges
                0x00000000000010b0       0x28 ./FATFS/App/fatfs.o
 .debug_aranges
                0x00000000000010d8       0x98 ./FATFS/Target/bsp_driver_sd.o
 .debug_aranges
                0x0000000000001170       0x20 ./FATFS/Target/fatfs_platform.o
 .debug_aranges
                0x0000000000001190       0x48 ./FATFS/Target/sd_diskio.o
 .debug_aranges
                0x00000000000011d8       0x28 ./Middlewares/Third_Party/FatFs/ccsbcs.o
 .debug_aranges
                0x0000000000001200       0x48 ./Middlewares/Third_Party/FatFs/diskio.o
 .debug_aranges
                0x0000000000001248      0x230 ./Middlewares/Third_Party/FatFs/ff.o
 .debug_aranges
                0x0000000000001478       0x40 ./Middlewares/Third_Party/FatFs/ff_gen_drv.o
 .debug_aranges
                0x00000000000014b8       0x28 ./Middlewares/Third_Party/FatFs/syscall.o

.debug_ranges   0x0000000000000000     0x1348
 .debug_ranges  0x0000000000000000       0x18 ./Common/Src/system_stm32h7xx_dualcore_boot_cm4_cm7.o
 .debug_ranges  0x0000000000000018       0x30 ./Core/Src/audio_sd.o
 .debug_ranges  0x0000000000000048       0x70 ./Core/Src/main.o
 .debug_ranges  0x00000000000000b8       0x40 ./Core/Src/stm32h7xx_hal_msp.o
 .debug_ranges  0x00000000000000f8       0x58 ./Core/Src/stm32h7xx_it.o
 .debug_ranges  0x0000000000000150       0x10 ./Core/Src/sysmem.o
 .debug_ranges  0x0000000000000160       0x20 ./Core/Startup/startup_stm32h747xihx.o
 .debug_ranges  0x0000000000000180      0x1f0 ./Drivers/STM32H7xx_HAL_Driver/stm32h7xx_hal.o
 .debug_ranges  0x0000000000000370      0x110 ./Drivers/STM32H7xx_HAL_Driver/stm32h7xx_hal_cortex.o
 .debug_ranges  0x0000000000000480       0x90 ./Drivers/STM32H7xx_HAL_Driver/stm32h7xx_hal_dma.o
 .debug_ranges  0x0000000000000510       0x48 ./Drivers/STM32H7xx_HAL_Driver/stm32h7xx_hal_gpio.o
 .debug_ranges  0x0000000000000558       0x60 ./Drivers/STM32H7xx_HAL_Driver/stm32h7xx_hal_hsem.o
 .debug_ranges  0x00000000000005b8      0x138 ./Drivers/STM32H7xx_HAL_Driver/stm32h7xx_hal_i2s.o
 .debug_ranges  0x00000000000006f0      0x160 ./Drivers/STM32H7xx_HAL_Driver/stm32h7xx_hal_pwr_ex.o
 .debug_ranges  0x0000000000000850       0x78 ./Drivers/STM32H7xx_HAL_Driver/stm32h7xx_hal_rcc.o
 .debug_ranges  0x00000000000008c8       0xf0 ./Drivers/STM32H7xx_HAL_Driver/stm32h7xx_hal_rcc_ex.o
 .debug_ranges  0x00000000000009b8      0x160 ./Drivers/STM32H7xx_HAL_Driver/stm32h7xx_hal_sd.o
 .debug_ranges  0x0000000000000b18      0x268 ./Drivers/STM32H7xx_HAL_Driver/stm32h7xx_hal_uart.o
 .debug_ranges  0x0000000000000d80       0x98 ./Drivers/STM32H7xx_HAL_Driver/stm32h7xx_hal_uart_ex.o