../Core/Src/main.c:89:5:main	24	static
../Core/Src/main.c:232:6:SystemClock_Config	120	static
../Core/Src/main.c:296:13:MX_I2S1_Init	8	static
../Core/Src/main.c:332:13:MX_SDMMC1_SD_Init	8	static
../Core/Src/main.c:363:13:MX_USART1_UART_Init	8	static
../Core/Src/main.c:409:13:MX_DMA_Init	16	static
../Core/Src/main.c:427:13:MX_GPIO_Init	56	static
../Core/Src/main.c:470:6:HAL_I2S_RxCpltCallback	16	static
../Core/Src/main.c:475:6:HAL_I2S_RxHalfCpltCallback	16	static
../Core/Src/main.c:487:6:Error_Handler	4	static,ignoring_inline_asm
