../Core/Src/main.c:89:5:main	24	static
../Core/Src/main.c:235:6:SystemClock_Config	120	static
../Core/Src/main.c:299:13:MX_I2S1_Init	8	static
../Core/Src/main.c:335:13:MX_SDMMC1_SD_Init	8	static
../Core/Src/main.c:366:13:MX_USART1_UART_Init	8	static
../Core/Src/main.c:412:13:MX_DMA_Init	16	static
../Core/Src/main.c:430:13:MX_GPIO_Init	56	static
../Core/Src/main.c:473:13:I2S1_ReInit	16	static
../Core/Src/main.c:504:6:HAL_I2S_RxCpltCallback	16	static
../Core/Src/main.c:509:6:HAL_I2S_RxHalfCpltCallback	16	static
../Core/Src/main.c:521:6:Error_Handler	4	static,ignoring_inline_asm
