../Core/Src/main.c:84:5:main	16	static
../Core/Src/main.c:147:13:MX_QUADSPI_Init	8	static
../Core/Src/main.c:181:13:MX_RTC_Init	8	static
../Core/Src/main.c:217:13:MX_TIM8_Init	96	static
../Core/Src/main.c:287:13:MX_TIM13_Init	24	static
../Core/Src/main.c:332:6:MX_USART1_UART_Init	8	static
../Core/Src/main.c:378:13:MX_DMA_Init	16	static
../Core/Src/main.c:387:6:MX_FMC_Init	40	static
../Core/Src/main.c:438:13:MX_GPIO_Init	40	static
../Core/Src/main.c:465:6:Error_Handler	4	static,ignoring_inline_asm
