../Core/Src/stm32h7xx_hal_msp.c:65:6:HAL_MspInit	16	static
../Core/Src/stm32h7xx_hal_msp.c:86:6:HAL_QSPI_MspInit	264	static
../Core/Src/stm32h7xx_hal_msp.c:187:6:HAL_QSPI_MspDeInit	16	static
../Core/Src/stm32h7xx_hal_msp.c:232:6:HAL_RTC_MspInit	216	static
../Core/Src/stm32h7xx_hal_msp.c:265:6:HAL_RTC_MspDeInit	16	static
../Core/Src/stm32h7xx_hal_msp.c:287:6:HAL_TIM_OC_MspInit	24	static
../Core/Src/stm32h7xx_hal_msp.c:309:6:HAL_TIM_Base_MspInit	48	static
../Core/Src/stm32h7xx_hal_msp.c:338:6:HAL_TIM_MspPostInit	40	static
../Core/Src/stm32h7xx_hal_msp.c:371:6:HAL_TIM_OC_MspDeInit	16	static
../Core/Src/stm32h7xx_hal_msp.c:393:6:HAL_TIM_Base_MspDeInit	16	static
../Core/Src/stm32h7xx_hal_msp.c:421:6:HAL_UART_MspInit	224	static
../Core/Src/stm32h7xx_hal_msp.c:454:6:HAL_UART_MspDeInit	16	static
../Core/Src/stm32h7xx_hal_msp.c:472:13:HAL_FMC_MspInit	240	static
../Core/Src/stm32h7xx_hal_msp.c:610:6:HAL_SDRAM_MspInit	16	static
../Core/Src/stm32h7xx_hal_msp.c:622:13:HAL_FMC_MspDeInit	8	static
../Core/Src/stm32h7xx_hal_msp.c:718:6:HAL_SDRAM_MspDeInit	16	static
